15:07:38 **** Build of project project_bsp ****
make -k all 
libgen -hw ../EDK_hw_platform/system.xml\
	       \
	       -pe microblaze_0 \
	       -log libgen.log \
	       system.mss
libgen
Xilinx EDK 14.7 Build EDK_P.20131013
Copyright (c) 1995-2012 Xilinx, Inc.  All rights reserved.

Command Line: libgen -hw ../EDK_hw_platform/system.xml -pe microblaze_0 -log
libgen.log system.mss 


Staging source files.
Running DRCs.
Running generate.
Running post_generate.
Running include - 'make -s include "COMPILER=mb-gcc" "ARCHIVER=mb-ar"
"COMPILER_FLAGS=-mno-xl-soft-mul -mxl-barrel-shift -mxl-pattern-compare
-mcpu=v8.50.c  -O2 -c" "EXTRA_COMPILER_FLAGS=-g -ffunction-sections
-fdata-sections"'.

Running libs - 'make -s libs "COMPILER=mb-gcc" "ARCHIVER=mb-ar"
"COMPILER_FLAGS=-mno-xl-soft-mul -mxl-barrel-shift -mxl-pattern-compare
-mcpu=v8.50.c  -O2 -c" "EXTRA_COMPILER_FLAGS=-g -ffunction-sections
-fdata-sections"'.
"Compiling common"
"Compiling standalone";
"Compiling gpio"
"Compiling bram"
"Compiling uartlite"
"Compiling ps2"
"Compiling cpu"
Running execs_generate.
'Finished building libraries'
15:08:01 **** Build of configuration Debug for project project ****
make all 
'Building file: ../src/helloworld.c'
'Invoking: MicroBlaze gcc compiler'
mb-gcc -Wall -O0 -g3 -c -fmessage-length=0 -I../../project_bsp/microblaze_0/include -mxl-barrel-shift -mxl-pattern-compare -mcpu=v8.50.c -mno-xl-soft-mul -Wl,--no-relax -ffunction-sections -fdata-sections -MMD -MP -MF"src/helloworld.d" -MT"src/helloworld.d" -o "src/helloworld.o" "../src/helloworld.c"
'Finished building: ../src/helloworld.c'
' '
'Building file: ../src/platform.c'
'Invoking: MicroBlaze gcc compiler'
mb-gcc -Wall -O0 -g3 -c -fmessage-length=0 -I../../project_bsp/microblaze_0/include -mxl-barrel-shift -mxl-pattern-compare -mcpu=v8.50.c -mno-xl-soft-mul -Wl,--no-relax -ffunction-sections -fdata-sections -MMD -MP -MF"src/platform.d" -MT"src/platform.d" -o "src/platform.o" "../src/platform.c"
'Finished building: ../src/platform.c'
' '
'Building target: project.elf'
'Invoking: MicroBlaze gcc linker'
mb-gcc -Wl,-T -Wl,../src/lscript.ld -L../../project_bsp/microblaze_0/lib -mxl-barrel-shift -mxl-pattern-compare -mcpu=v8.50.c -mno-xl-soft-mul -Wl,--no-relax -Wl,--gc-sections -o "project.elf"  ./src/helloworld.o ./src/platform.o   -Wl,--start-group,-lxil,-lgcc,-lc,--end-group
'Finished building target: project.elf'
' '
'Invoking: MicroBlaze Print Size'
mb-size project.elf  |tee "project.elf.size"
   text	   data	    bss	    dec	    hex	filename
   2174	    268	   2084	   4526	   11ae	project.elf
'Finished building: project.elf.size'
' '
'Invoking: Xilinx ELF Check'
elfcheck project.elf -hw ../../EDK_hw_platform/system.xml -pe microblaze_0  |tee "project.elf.elfcheck"
elfcheck
Xilinx EDK 14.7 Build EDK_P.20131013
Copyright (c) 1995-2012 Xilinx, Inc.  All rights reserved.

Command Line: elfcheck -hw ../../EDK_hw_platform/system.xml -pe microblaze_0
project.elf 

ELF file	: project.elf
elfcheck passed.
'Finished building: project.elf.elfcheck'
' '
15:08:46 **** Clean-only build of project project_bsp ****
make -k clean 
rm -rf microblaze_0
15:08:46 **** Build of project project_bsp ****
make -k all 
libgen -hw ../EDK_hw_platform/system.xml\
	       -lp ../../EDK\
	       -pe microblaze_0 \
	       -log libgen.log \
	       system.mss
libgen
Xilinx EDK 14.7 Build EDK_P.20131013
Copyright (c) 1995-2012 Xilinx, Inc.  All rights reserved.

Command Line: libgen -hw ../EDK_hw_platform/system.xml -lp ../../EDK -pe
microblaze_0 -log libgen.log system.mss 


Staging source files.
Running DRCs.
Running generate.
Running post_generate.
Running include - 'make -s include "COMPILER=mb-gcc" "ARCHIVER=mb-ar"
"COMPILER_FLAGS=-mno-xl-soft-mul -mxl-barrel-shift -mxl-pattern-compare
-mcpu=v8.50.c  -O2 -c" "EXTRA_COMPILER_FLAGS=-g -ffunction-sections
-fdata-sections"'.

Running libs - 'make -s libs "COMPILER=mb-gcc" "ARCHIVER=mb-ar"
"COMPILER_FLAGS=-mno-xl-soft-mul -mxl-barrel-shift -mxl-pattern-compare
-mcpu=v8.50.c  -O2 -c" "EXTRA_COMPILER_FLAGS=-g -ffunction-sections
-fdata-sections"'.
"Compiling common"
"Compiling standalone";
"Compiling gpio"
"Compiling bram"
"Compiling uartlite"
"Compiling ps2"
"Compiling cpu"
Running execs_generate.
'Finished building libraries'
15:08:55 **** Auto Build of configuration Debug for project project ****
make all 
make: Ništa za napraviti za `all'.
15:08:57 **** Clean-only build of project project_bsp ****
make -k clean 
rm -rf microblaze_0
15:08:58 **** Build of project project_bsp ****
make -k all 
libgen -hw ../EDK_hw_platform/system.xml\
	       -lp ../../EDK\
	       -pe microblaze_0 \
	       -log libgen.log \
	       system.mss
libgen
Xilinx EDK 14.7 Build EDK_P.20131013
Copyright (c) 1995-2012 Xilinx, Inc.  All rights reserved.

Command Line: libgen -hw ../EDK_hw_platform/system.xml -lp ../../EDK -pe
microblaze_0 -log libgen.log system.mss 


Staging source files.
Running DRCs.
Running generate.
Running post_generate.
Running include - 'make -s include "COMPILER=mb-gcc" "ARCHIVER=mb-ar"
"COMPILER_FLAGS=-mno-xl-soft-mul -mxl-barrel-shift -mxl-pattern-compare
-mcpu=v8.50.c  -O2 -c" "EXTRA_COMPILER_FLAGS=-g -ffunction-sections
-fdata-sections"'.

Running libs - 'make -s libs "COMPILER=mb-gcc" "ARCHIVER=mb-ar"
"COMPILER_FLAGS=-mno-xl-soft-mul -mxl-barrel-shift -mxl-pattern-compare
-mcpu=v8.50.c  -O2 -c" "EXTRA_COMPILER_FLAGS=-g -ffunction-sections
-fdata-sections"'.
"Compiling common"
"Compiling standalone";
"Compiling gpio"
"Compiling bram"
"Compiling uartlite"
"Compiling ps2"
"Compiling vga_controller"
"Compiling cpu"
Running execs_generate.
'Finished building libraries'
15:09:06 **** Auto Build of configuration Debug for project project ****
make all 
make: Ništa za napraviti za `all'.
15:10:15 **** Auto Build of configuration Debug for project project ****
make all 
'Building file: ../src/helloworld.c'
'Invoking: MicroBlaze gcc compiler'
mb-gcc -Wall -O0 -g3 -c -fmessage-length=0 -I../../project_bsp/microblaze_0/include -mxl-barrel-shift -mxl-pattern-compare -mcpu=v8.50.c -mno-xl-soft-mul -Wl,--no-relax -ffunction-sections -fdata-sections -MMD -MP -MF"src/helloworld.d" -MT"src/helloworld.d" -o "src/helloworld.o" "../src/helloworld.c"
'Finished building: ../src/helloworld.c'
' '
'Building target: project.elf'
'Invoking: MicroBlaze gcc linker'
mb-gcc -Wl,-T -Wl,../src/lscript.ld -L../../project_bsp/microblaze_0/lib -mxl-barrel-shift -mxl-pattern-compare -mcpu=v8.50.c -mno-xl-soft-mul -Wl,--no-relax -Wl,--gc-sections -o "project.elf"  ./src/helloworld.o ./src/platform.o   -Wl,--start-group,-lxil,-lgcc,-lc,--end-group
'Finished building target: project.elf'
' '
'Invoking: MicroBlaze Print Size'
mb-size project.elf  |tee "project.elf.size"
   text	   data	    bss	    dec	    hex	filename
   2174	    268	   2084	   4526	   11ae	project.elf
'Finished building: project.elf.size'
' '
'Invoking: Xilinx ELF Check'
elfcheck project.elf -hw ../../EDK_hw_platform/system.xml -pe microblaze_0  |tee "project.elf.elfcheck"
elfcheck
Xilinx EDK 14.7 Build EDK_P.20131013
Copyright (c) 1995-2012 Xilinx, Inc.  All rights reserved.

Command Line: elfcheck -hw ../../EDK_hw_platform/system.xml -pe microblaze_0
project.elf 

ELF file	: project.elf
elfcheck passed.
'Finished building: project.elf.elfcheck'
' '
15:10:50 **** Auto Build of configuration Debug for project project ****
make all 
'Building file: ../src/helloworld.c'
'Invoking: MicroBlaze gcc compiler'
mb-gcc -Wall -O0 -g3 -c -fmessage-length=0 -I../../project_bsp/microblaze_0/include -mxl-barrel-shift -mxl-pattern-compare -mcpu=v8.50.c -mno-xl-soft-mul -Wl,--no-relax -ffunction-sections -fdata-sections -MMD -MP -MF"src/helloworld.d" -MT"src/helloworld.d" -o "src/helloworld.o" "../src/helloworld.c"
../src/helloworld.c:4:24: fatal error: parameters.h: No such file or directory
compilation terminated.
make: *** [src/helloworld.o] Greška 1
15:10:58 **** Auto Build of configuration Debug for project project ****
make all 
'Building file: ../src/helloworld.c'
'Invoking: MicroBlaze gcc compiler'
mb-gcc -Wall -O0 -g3 -c -fmessage-length=0 -I../../project_bsp/microblaze_0/include -mxl-barrel-shift -mxl-pattern-compare -mcpu=v8.50.c -mno-xl-soft-mul -Wl,--no-relax -ffunction-sections -fdata-sections -MMD -MP -MF"src/helloworld.d" -MT"src/helloworld.d" -o "src/helloworld.o" "../src/helloworld.c"
../src/helloworld.c: In function 'main':
../src/helloworld.c:15:30: error: macro "VGA_CONTROLLER_mWriteReg" requires 3 arguments, but only 1 given
../src/helloworld.c:15:5: error: 'VGA_CONTROLLER_mWriteReg' undeclared (first use in this function)
../src/helloworld.c:15:5: note: each undeclared identifier is reported only once for each function it appears in
../src/helloworld.c:17:5: error: expected ';' before 'return'
../src/helloworld.c:18:1: warning: control reaches end of non-void function [-Wreturn-type]
make: *** [src/helloworld.o] Greška 1
15:11:27 **** Auto Build of configuration Debug for project project ****
make all 
'Building file: ../src/helloworld.c'
'Invoking: MicroBlaze gcc compiler'
mb-gcc -Wall -O0 -g3 -c -fmessage-length=0 -I../../project_bsp/microblaze_0/include -mxl-barrel-shift -mxl-pattern-compare -mcpu=v8.50.c -mno-xl-soft-mul -Wl,--no-relax -ffunction-sections -fdata-sections -MMD -MP -MF"src/helloworld.d" -MT"src/helloworld.d" -o "src/helloworld.o" "../src/helloworld.c"
'Finished building: ../src/helloworld.c'
' '
'Building target: project.elf'
'Invoking: MicroBlaze gcc linker'
mb-gcc -Wl,-T -Wl,../src/lscript.ld -L../../project_bsp/microblaze_0/lib -mxl-barrel-shift -mxl-pattern-compare -mcpu=v8.50.c -mno-xl-soft-mul -Wl,--no-relax -Wl,--gc-sections -o "project.elf"  ./src/helloworld.o ./src/platform.o   -Wl,--start-group,-lxil,-lgcc,-lc,--end-group
'Finished building target: project.elf'
' '
'Invoking: MicroBlaze Print Size'
mb-size project.elf  |tee "project.elf.size"
   text	   data	    bss	    dec	    hex	filename
   2206	    268	   2084	   4558	   11ce	project.elf
'Finished building: project.elf.size'
' '
'Invoking: Xilinx ELF Check'
elfcheck project.elf -hw ../../EDK_hw_platform/system.xml -pe microblaze_0  |tee "project.elf.elfcheck"
elfcheck
Xilinx EDK 14.7 Build EDK_P.20131013
Copyright (c) 1995-2012 Xilinx, Inc.  All rights reserved.

Command Line: elfcheck -hw ../../EDK_hw_platform/system.xml -pe microblaze_0
project.elf 

ELF file	: project.elf
elfcheck passed.
'Finished building: project.elf.elfcheck'
' '
15:13:45 **** Auto Build of project project_bsp ****
make -k all 
'Finished building libraries'
15:13:59 **** Auto Build of configuration Debug for project project ****
make all 
'Building file: ../src/helloworld.c'
'Invoking: MicroBlaze gcc compiler'
mb-gcc -Wall -O0 -g3 -c -fmessage-length=0 -I../../project_bsp/microblaze_0/include -mxl-barrel-shift -mxl-pattern-compare -mcpu=v8.50.c -mno-xl-soft-mul -Wl,--no-relax -ffunction-sections -fdata-sections -MMD -MP -MF"src/helloworld.d" -MT"src/helloworld.d" -o "src/helloworld.o" "../src/helloworld.c"
'Finished building: ../src/helloworld.c'
' '
'Building target: project.elf'
'Invoking: MicroBlaze gcc linker'
mb-gcc -Wl,-T -Wl,../src/lscript.ld -L../../project_bsp/microblaze_0/lib -mxl-barrel-shift -mxl-pattern-compare -mcpu=v8.50.c -mno-xl-soft-mul -Wl,--no-relax -Wl,--gc-sections -o "project.elf"  ./src/helloworld.o ./src/platform.o   -Wl,--start-group,-lxil,-lgcc,-lc,--end-group
'Finished building target: project.elf'
' '
'Invoking: MicroBlaze Print Size'
mb-size project.elf  |tee "project.elf.size"
   text	   data	    bss	    dec	    hex	filename
   2206	    268	   2084	   4558	   11ce	project.elf
'Finished building: project.elf.size'
' '
'Invoking: Xilinx ELF Check'
elfcheck project.elf -hw ../../EDK_hw_platform/system.xml -pe microblaze_0  |tee "project.elf.elfcheck"
elfcheck
Xilinx EDK 14.7 Build EDK_P.20131013
Copyright (c) 1995-2012 Xilinx, Inc.  All rights reserved.

Command Line: elfcheck -hw ../../EDK_hw_platform/system.xml -pe microblaze_0
project.elf 

ELF file	: project.elf
elfcheck passed.
'Finished building: project.elf.elfcheck'
' '
15:14:09 **** Auto Build of project project_bsp ****
make -k all 
'Finished building libraries'
15:14:27 **** Auto Build of configuration Debug for project project ****
make all 
'Building file: ../src/helloworld.c'
'Invoking: MicroBlaze gcc compiler'
mb-gcc -Wall -O0 -g3 -c -fmessage-length=0 -I../../project_bsp/microblaze_0/include -mxl-barrel-shift -mxl-pattern-compare -mcpu=v8.50.c -mno-xl-soft-mul -Wl,--no-relax -ffunction-sections -fdata-sections -MMD -MP -MF"src/helloworld.d" -MT"src/helloworld.d" -o "src/helloworld.o" "../src/helloworld.c"
'Finished building: ../src/helloworld.c'
' '
'Building target: project.elf'
'Invoking: MicroBlaze gcc linker'
mb-gcc -Wl,-T -Wl,../src/lscript.ld -L../../project_bsp/microblaze_0/lib -mxl-barrel-shift -mxl-pattern-compare -mcpu=v8.50.c -mno-xl-soft-mul -Wl,--no-relax -Wl,--gc-sections -o "project.elf"  ./src/helloworld.o ./src/platform.o   -Wl,--start-group,-lxil,-lgcc,-lc,--end-group
'Finished building target: project.elf'
' '
'Invoking: MicroBlaze Print Size'
mb-size project.elf  |tee "project.elf.size"
   text	   data	    bss	    dec	    hex	filename
   2206	    268	   2084	   4558	   11ce	project.elf
'Finished building: project.elf.size'
' '
'Invoking: Xilinx ELF Check'
elfcheck project.elf -hw ../../EDK_hw_platform/system.xml -pe microblaze_0  |tee "project.elf.elfcheck"
elfcheck
Xilinx EDK 14.7 Build EDK_P.20131013
Copyright (c) 1995-2012 Xilinx, Inc.  All rights reserved.

Command Line: elfcheck -hw ../../EDK_hw_platform/system.xml -pe microblaze_0
project.elf 

ELF file	: project.elf
elfcheck passed.
'Finished building: project.elf.elfcheck'
' '
15:14:39 **** Auto Build of project project_bsp ****
make -k all 
'Finished building libraries'
15:14:57 **** Auto Build of configuration Debug for project project ****
make all 
'Building file: ../src/helloworld.c'
'Invoking: MicroBlaze gcc compiler'
mb-gcc -Wall -O0 -g3 -c -fmessage-length=0 -I../../project_bsp/microblaze_0/include -mxl-barrel-shift -mxl-pattern-compare -mcpu=v8.50.c -mno-xl-soft-mul -Wl,--no-relax -ffunction-sections -fdata-sections -MMD -MP -MF"src/helloworld.d" -MT"src/helloworld.d" -o "src/helloworld.o" "../src/helloworld.c"
'Finished building: ../src/helloworld.c'
' '
'Building target: project.elf'
'Invoking: MicroBlaze gcc linker'
mb-gcc -Wl,-T -Wl,../src/lscript.ld -L../../project_bsp/microblaze_0/lib -mxl-barrel-shift -mxl-pattern-compare -mcpu=v8.50.c -mno-xl-soft-mul -Wl,--no-relax -Wl,--gc-sections -o "project.elf"  ./src/helloworld.o ./src/platform.o   -Wl,--start-group,-lxil,-lgcc,-lc,--end-group
'Finished building target: project.elf'
' '
'Invoking: MicroBlaze Print Size'
mb-size project.elf  |tee "project.elf.size"
   text	   data	    bss	    dec	    hex	filename
   2194	    268	   2090	   4552	   11c8	project.elf
'Finished building: project.elf.size'
' '
'Invoking: Xilinx ELF Check'
elfcheck project.elf -hw ../../EDK_hw_platform/system.xml -pe microblaze_0  |tee "project.elf.elfcheck"
elfcheck
Xilinx EDK 14.7 Build EDK_P.20131013
Copyright (c) 1995-2012 Xilinx, Inc.  All rights reserved.

Command Line: elfcheck -hw ../../EDK_hw_platform/system.xml -pe microblaze_0
project.elf 

ELF file	: project.elf
elfcheck passed.
'Finished building: project.elf.elfcheck'
' '
15:15:07 **** Auto Build of project project_bsp ****
make -k all 
'Finished building libraries'
15:15:16 **** Auto Build of configuration Debug for project project ****
make all 
'Building file: ../src/helloworld.c'
'Invoking: MicroBlaze gcc compiler'
mb-gcc -Wall -O0 -g3 -c -fmessage-length=0 -I../../project_bsp/microblaze_0/include -mxl-barrel-shift -mxl-pattern-compare -mcpu=v8.50.c -mno-xl-soft-mul -Wl,--no-relax -ffunction-sections -fdata-sections -MMD -MP -MF"src/helloworld.d" -MT"src/helloworld.d" -o "src/helloworld.o" "../src/helloworld.c"
'Finished building: ../src/helloworld.c'
' '
'Building target: project.elf'
'Invoking: MicroBlaze gcc linker'
mb-gcc -Wl,-T -Wl,../src/lscript.ld -L../../project_bsp/microblaze_0/lib -mxl-barrel-shift -mxl-pattern-compare -mcpu=v8.50.c -mno-xl-soft-mul -Wl,--no-relax -Wl,--gc-sections -o "project.elf"  ./src/helloworld.o ./src/platform.o   -Wl,--start-group,-lxil,-lgcc,-lc,--end-group
'Finished building target: project.elf'
' '
'Invoking: MicroBlaze Print Size'
mb-size project.elf  |tee "project.elf.size"
   text	   data	    bss	    dec	    hex	filename
   2194	    268	   2090	   4552	   11c8	project.elf
'Finished building: project.elf.size'
' '
'Invoking: Xilinx ELF Check'
elfcheck project.elf -hw ../../EDK_hw_platform/system.xml -pe microblaze_0  |tee "project.elf.elfcheck"
elfcheck
Xilinx EDK 14.7 Build EDK_P.20131013
Copyright (c) 1995-2012 Xilinx, Inc.  All rights reserved.

Command Line: elfcheck -hw ../../EDK_hw_platform/system.xml -pe microblaze_0
project.elf 

ELF file	: project.elf
elfcheck passed.
'Finished building: project.elf.elfcheck'
' '
15:15:25 **** Auto Build of project project_bsp ****
make -k all 
'Finished building libraries'
15:15:41 **** Auto Build of configuration Debug for project project ****
make all 
'Building file: ../src/helloworld.c'
'Invoking: MicroBlaze gcc compiler'
mb-gcc -Wall -O0 -g3 -c -fmessage-length=0 -I../../project_bsp/microblaze_0/include -mxl-barrel-shift -mxl-pattern-compare -mcpu=v8.50.c -mno-xl-soft-mul -Wl,--no-relax -ffunction-sections -fdata-sections -MMD -MP -MF"src/helloworld.d" -MT"src/helloworld.d" -o "src/helloworld.o" "../src/helloworld.c"
'Finished building: ../src/helloworld.c'
' '
'Building target: project.elf'
'Invoking: MicroBlaze gcc linker'
mb-gcc -Wl,-T -Wl,../src/lscript.ld -L../../project_bsp/microblaze_0/lib -mxl-barrel-shift -mxl-pattern-compare -mcpu=v8.50.c -mno-xl-soft-mul -Wl,--no-relax -Wl,--gc-sections -o "project.elf"  ./src/helloworld.o ./src/platform.o   -Wl,--start-group,-lxil,-lgcc,-lc,--end-group
'Finished building target: project.elf'
' '
'Invoking: MicroBlaze Print Size'
mb-size project.elf  |tee "project.elf.size"
   text	   data	    bss	    dec	    hex	filename
   2190	    268	   2084	   4542	   11be	project.elf
'Finished building: project.elf.size'
' '
'Invoking: Xilinx ELF Check'
elfcheck project.elf -hw ../../EDK_hw_platform/system.xml -pe microblaze_0  |tee "project.elf.elfcheck"
elfcheck
Xilinx EDK 14.7 Build EDK_P.20131013
Copyright (c) 1995-2012 Xilinx, Inc.  All rights reserved.

Command Line: elfcheck -hw ../../EDK_hw_platform/system.xml -pe microblaze_0
project.elf 

ELF file	: project.elf
elfcheck passed.
'Finished building: project.elf.elfcheck'
' '
15:15:50 **** Auto Build of project project_bsp ****
make -k all 
'Finished building libraries'
15:16:01 **** Auto Build of configuration Debug for project project ****
make all 
'Building file: ../src/helloworld.c'
'Invoking: MicroBlaze gcc compiler'
mb-gcc -Wall -O0 -g3 -c -fmessage-length=0 -I../../project_bsp/microblaze_0/include -mxl-barrel-shift -mxl-pattern-compare -mcpu=v8.50.c -mno-xl-soft-mul -Wl,--no-relax -ffunction-sections -fdata-sections -MMD -MP -MF"src/helloworld.d" -MT"src/helloworld.d" -o "src/helloworld.o" "../src/helloworld.c"
'Finished building: ../src/helloworld.c'
' '
'Building target: project.elf'
'Invoking: MicroBlaze gcc linker'
mb-gcc -Wl,-T -Wl,../src/lscript.ld -L../../project_bsp/microblaze_0/lib -mxl-barrel-shift -mxl-pattern-compare -mcpu=v8.50.c -mno-xl-soft-mul -Wl,--no-relax -Wl,--gc-sections -o "project.elf"  ./src/helloworld.o ./src/platform.o   -Wl,--start-group,-lxil,-lgcc,-lc,--end-group
'Finished building target: project.elf'
' '
'Invoking: MicroBlaze Print Size'
mb-size project.elf  |tee "project.elf.size"
   text	   data	    bss	    dec	    hex	filename
   2190	    268	   2084	   4542	   11be	project.elf
'Finished building: project.elf.size'
' '
'Invoking: Xilinx ELF Check'
elfcheck project.elf -hw ../../EDK_hw_platform/system.xml -pe microblaze_0  |tee "project.elf.elfcheck"
elfcheck
Xilinx EDK 14.7 Build EDK_P.20131013
Copyright (c) 1995-2012 Xilinx, Inc.  All rights reserved.

Command Line: elfcheck -hw ../../EDK_hw_platform/system.xml -pe microblaze_0
project.elf 

ELF file	: project.elf
elfcheck passed.
'Finished building: project.elf.elfcheck'
' '
15:16:10 **** Auto Build of project project_bsp ****
make -k all 
'Finished building libraries'
15:16:29 **** Auto Build of configuration Debug for project project ****
make all 
'Building file: ../src/helloworld.c'
'Invoking: MicroBlaze gcc compiler'
mb-gcc -Wall -O0 -g3 -c -fmessage-length=0 -I../../project_bsp/microblaze_0/include -mxl-barrel-shift -mxl-pattern-compare -mcpu=v8.50.c -mno-xl-soft-mul -Wl,--no-relax -ffunction-sections -fdata-sections -MMD -MP -MF"src/helloworld.d" -MT"src/helloworld.d" -o "src/helloworld.o" "../src/helloworld.c"
'Finished building: ../src/helloworld.c'
' '
'Building target: project.elf'
'Invoking: MicroBlaze gcc linker'
mb-gcc -Wl,-T -Wl,../src/lscript.ld -L../../project_bsp/microblaze_0/lib -mxl-barrel-shift -mxl-pattern-compare -mcpu=v8.50.c -mno-xl-soft-mul -Wl,--no-relax -Wl,--gc-sections -o "project.elf"  ./src/helloworld.o ./src/platform.o   -Wl,--start-group,-lxil,-lgcc,-lc,--end-group
'Finished building target: project.elf'
' '
'Invoking: MicroBlaze Print Size'
mb-size project.elf  |tee "project.elf.size"
   text	   data	    bss	    dec	    hex	filename
   2190	    268	   2084	   4542	   11be	project.elf
'Finished building: project.elf.size'
' '
'Invoking: Xilinx ELF Check'
elfcheck project.elf -hw ../../EDK_hw_platform/system.xml -pe microblaze_0  |tee "project.elf.elfcheck"
elfcheck
Xilinx EDK 14.7 Build EDK_P.20131013
Copyright (c) 1995-2012 Xilinx, Inc.  All rights reserved.

Command Line: elfcheck -hw ../../EDK_hw_platform/system.xml -pe microblaze_0
project.elf 

ELF file	: project.elf
elfcheck passed.
'Finished building: project.elf.elfcheck'
' '
15:16:45 **** Auto Build of project project_bsp ****
make -k all 
'Finished building libraries'
15:16:52 **** Auto Build of configuration Debug for project project ****
make all 
'Building file: ../src/helloworld.c'
'Invoking: MicroBlaze gcc compiler'
mb-gcc -Wall -O0 -g3 -c -fmessage-length=0 -I../../project_bsp/microblaze_0/include -mxl-barrel-shift -mxl-pattern-compare -mcpu=v8.50.c -mno-xl-soft-mul -Wl,--no-relax -ffunction-sections -fdata-sections -MMD -MP -MF"src/helloworld.d" -MT"src/helloworld.d" -o "src/helloworld.o" "../src/helloworld.c"
'Finished building: ../src/helloworld.c'
' '
'Building target: project.elf'
'Invoking: MicroBlaze gcc linker'
mb-gcc -Wl,-T -Wl,../src/lscript.ld -L../../project_bsp/microblaze_0/lib -mxl-barrel-shift -mxl-pattern-compare -mcpu=v8.50.c -mno-xl-soft-mul -Wl,--no-relax -Wl,--gc-sections -o "project.elf"  ./src/helloworld.o ./src/platform.o   -Wl,--start-group,-lxil,-lgcc,-lc,--end-group
'Finished building target: project.elf'
' '
'Invoking: MicroBlaze Print Size'
mb-size project.elf  |tee "project.elf.size"
   text	   data	    bss	    dec	    hex	filename
   2190	    268	   2084	   4542	   11be	project.elf
'Finished building: project.elf.size'
' '
'Invoking: Xilinx ELF Check'
elfcheck project.elf -hw ../../EDK_hw_platform/system.xml -pe microblaze_0  |tee "project.elf.elfcheck"
elfcheck
Xilinx EDK 14.7 Build EDK_P.20131013
Copyright (c) 1995-2012 Xilinx, Inc.  All rights reserved.

Command Line: elfcheck -hw ../../EDK_hw_platform/system.xml -pe microblaze_0
project.elf 

ELF file	: project.elf
elfcheck passed.
'Finished building: project.elf.elfcheck'
' '
15:17:00 **** Auto Build of project project_bsp ****
make -k all 
'Finished building libraries'
15:18:56 **** Auto Build of configuration Debug for project project ****
make all 
'Building file: ../src/helloworld.c'
'Invoking: MicroBlaze gcc compiler'
mb-gcc -Wall -O0 -g3 -c -fmessage-length=0 -I../../project_bsp/microblaze_0/include -mxl-barrel-shift -mxl-pattern-compare -mcpu=v8.50.c -mno-xl-soft-mul -Wl,--no-relax -ffunction-sections -fdata-sections -MMD -MP -MF"src/helloworld.d" -MT"src/helloworld.d" -o "src/helloworld.o" "../src/helloworld.c"
'Finished building: ../src/helloworld.c'
' '
'Building target: project.elf'
'Invoking: MicroBlaze gcc linker'
mb-gcc -Wl,-T -Wl,../src/lscript.ld -L../../project_bsp/microblaze_0/lib -mxl-barrel-shift -mxl-pattern-compare -mcpu=v8.50.c -mno-xl-soft-mul -Wl,--no-relax -Wl,--gc-sections -o "project.elf"  ./src/helloworld.o ./src/platform.o   -Wl,--start-group,-lxil,-lgcc,-lc,--end-group
'Finished building target: project.elf'
' '
'Invoking: MicroBlaze Print Size'
mb-size project.elf  |tee "project.elf.size"
   text	   data	    bss	    dec	    hex	filename
   2206	    268	   2084	   4558	   11ce	project.elf
'Finished building: project.elf.size'
' '
'Invoking: Xilinx ELF Check'
elfcheck project.elf -hw ../../EDK_hw_platform/system.xml -pe microblaze_0  |tee "project.elf.elfcheck"
elfcheck
Xilinx EDK 14.7 Build EDK_P.20131013
Copyright (c) 1995-2012 Xilinx, Inc.  All rights reserved.

Command Line: elfcheck -hw ../../EDK_hw_platform/system.xml -pe microblaze_0
project.elf 

ELF file	: project.elf
elfcheck passed.
'Finished building: project.elf.elfcheck'
' '
15:19:09 **** Auto Build of project project_bsp ****
make -k all 
'Finished building libraries'
15:19:21 **** Auto Build of configuration Debug for project project ****
make all 
'Building file: ../src/helloworld.c'
'Invoking: MicroBlaze gcc compiler'
mb-gcc -Wall -O0 -g3 -c -fmessage-length=0 -I../../project_bsp/microblaze_0/include -mxl-barrel-shift -mxl-pattern-compare -mcpu=v8.50.c -mno-xl-soft-mul -Wl,--no-relax -ffunction-sections -fdata-sections -MMD -MP -MF"src/helloworld.d" -MT"src/helloworld.d" -o "src/helloworld.o" "../src/helloworld.c"
'Finished building: ../src/helloworld.c'
' '
'Building target: project.elf'
'Invoking: MicroBlaze gcc linker'
mb-gcc -Wl,-T -Wl,../src/lscript.ld -L../../project_bsp/microblaze_0/lib -mxl-barrel-shift -mxl-pattern-compare -mcpu=v8.50.c -mno-xl-soft-mul -Wl,--no-relax -Wl,--gc-sections -o "project.elf"  ./src/helloworld.o ./src/platform.o   -Wl,--start-group,-lxil,-lgcc,-lc,--end-group
'Finished building target: project.elf'
' '
'Invoking: MicroBlaze Print Size'
mb-size project.elf  |tee "project.elf.size"
   text	   data	    bss	    dec	    hex	filename
   2206	    268	   2084	   4558	   11ce	project.elf
'Finished building: project.elf.size'
' '
'Invoking: Xilinx ELF Check'
elfcheck project.elf -hw ../../EDK_hw_platform/system.xml -pe microblaze_0  |tee "project.elf.elfcheck"
elfcheck
Xilinx EDK 14.7 Build EDK_P.20131013
Copyright (c) 1995-2012 Xilinx, Inc.  All rights reserved.

Command Line: elfcheck -hw ../../EDK_hw_platform/system.xml -pe microblaze_0
project.elf 

ELF file	: project.elf
elfcheck passed.
'Finished building: project.elf.elfcheck'
' '
15:19:42 **** Auto Build of configuration Debug for project project ****
make all 
'Building file: ../src/helloworld.c'
'Invoking: MicroBlaze gcc compiler'
mb-gcc -Wall -O0 -g3 -c -fmessage-length=0 -I../../project_bsp/microblaze_0/include -mxl-barrel-shift -mxl-pattern-compare -mcpu=v8.50.c -mno-xl-soft-mul -Wl,--no-relax -ffunction-sections -fdata-sections -MMD -MP -MF"src/helloworld.d" -MT"src/helloworld.d" -o "src/helloworld.o" "../src/helloworld.c"
'Finished building: ../src/helloworld.c'
' '
'Building target: project.elf'
'Invoking: MicroBlaze gcc linker'
mb-gcc -Wl,-T -Wl,../src/lscript.ld -L../../project_bsp/microblaze_0/lib -mxl-barrel-shift -mxl-pattern-compare -mcpu=v8.50.c -mno-xl-soft-mul -Wl,--no-relax -Wl,--gc-sections -o "project.elf"  ./src/helloworld.o ./src/platform.o   -Wl,--start-group,-lxil,-lgcc,-lc,--end-group
'Finished building target: project.elf'
' '
'Invoking: MicroBlaze Print Size'
mb-size project.elf  |tee "project.elf.size"
   text	   data	    bss	    dec	    hex	filename
   2206	    268	   2084	   4558	   11ce	project.elf
'Finished building: project.elf.size'
' '
'Invoking: Xilinx ELF Check'
elfcheck project.elf -hw ../../EDK_hw_platform/system.xml -pe microblaze_0  |tee "project.elf.elfcheck"
elfcheck
Xilinx EDK 14.7 Build EDK_P.20131013
Copyright (c) 1995-2012 Xilinx, Inc.  All rights reserved.

Command Line: elfcheck -hw ../../EDK_hw_platform/system.xml -pe microblaze_0
project.elf 

ELF file	: project.elf
elfcheck passed.
'Finished building: project.elf.elfcheck'
' '
15:20:32 **** Auto Build of project project_bsp ****
make -k all 
'Finished building libraries'
15:22:06 **** Auto Build of configuration Debug for project project ****
make all 
'Building file: ../src/helloworld.c'
'Invoking: MicroBlaze gcc compiler'
mb-gcc -Wall -O0 -g3 -c -fmessage-length=0 -I../../project_bsp/microblaze_0/include -mxl-barrel-shift -mxl-pattern-compare -mcpu=v8.50.c -mno-xl-soft-mul -Wl,--no-relax -ffunction-sections -fdata-sections -MMD -MP -MF"src/helloworld.d" -MT"src/helloworld.d" -o "src/helloworld.o" "../src/helloworld.c"
../src/helloworld.c: In function 'main':
../src/helloworld.c:17:5: error: invalid use of void expression
../src/helloworld.c:13:9: warning: variable 'location' set but not used [-Wunused-but-set-variable]
make: *** [src/helloworld.o] Greška 1
15:22:09 **** Auto Build of configuration Debug for project project ****
make all 
'Building file: ../src/helloworld.c'
'Invoking: MicroBlaze gcc compiler'
mb-gcc -Wall -O0 -g3 -c -fmessage-length=0 -I../../project_bsp/microblaze_0/include -mxl-barrel-shift -mxl-pattern-compare -mcpu=v8.50.c -mno-xl-soft-mul -Wl,--no-relax -ffunction-sections -fdata-sections -MMD -MP -MF"src/helloworld.d" -MT"src/helloworld.d" -o "src/helloworld.o" "../src/helloworld.c"
../src/helloworld.c: In function 'main':
../src/helloworld.c:13:9: warning: variable 'location' set but not used [-Wunused-but-set-variable]
'Finished building: ../src/helloworld.c'
' '
'Building target: project.elf'
'Invoking: MicroBlaze gcc linker'
mb-gcc -Wl,-T -Wl,../src/lscript.ld -L../../project_bsp/microblaze_0/lib -mxl-barrel-shift -mxl-pattern-compare -mcpu=v8.50.c -mno-xl-soft-mul -Wl,--no-relax -Wl,--gc-sections -o "project.elf"  ./src/helloworld.o ./src/platform.o   -Wl,--start-group,-lxil,-lgcc,-lc,--end-group
'Finished building target: project.elf'
' '
'Invoking: MicroBlaze Print Size'
mb-size project.elf  |tee "project.elf.size"
   text	   data	    bss	    dec	    hex	filename
   2022	    268	   2084	   4374	   1116	project.elf
'Finished building: project.elf.size'
' '
'Invoking: Xilinx ELF Check'
elfcheck project.elf -hw ../../EDK_hw_platform/system.xml -pe microblaze_0  |tee "project.elf.elfcheck"
elfcheck
Xilinx EDK 14.7 Build EDK_P.20131013
Copyright (c) 1995-2012 Xilinx, Inc.  All rights reserved.

Command Line: elfcheck -hw ../../EDK_hw_platform/system.xml -pe microblaze_0
project.elf 

ELF file	: project.elf
elfcheck passed.
'Finished building: project.elf.elfcheck'
' '
15:22:18 **** Auto Build of configuration Debug for project project ****
make all 
'Building file: ../src/helloworld.c'
'Invoking: MicroBlaze gcc compiler'
mb-gcc -Wall -O0 -g3 -c -fmessage-length=0 -I../../project_bsp/microblaze_0/include -mxl-barrel-shift -mxl-pattern-compare -mcpu=v8.50.c -mno-xl-soft-mul -Wl,--no-relax -ffunction-sections -fdata-sections -MMD -MP -MF"src/helloworld.d" -MT"src/helloworld.d" -o "src/helloworld.o" "../src/helloworld.c"
'Finished building: ../src/helloworld.c'
' '
'Building target: project.elf'
'Invoking: MicroBlaze gcc linker'
mb-gcc -Wl,-T -Wl,../src/lscript.ld -L../../project_bsp/microblaze_0/lib -mxl-barrel-shift -mxl-pattern-compare -mcpu=v8.50.c -mno-xl-soft-mul -Wl,--no-relax -Wl,--gc-sections -o "project.elf"  ./src/helloworld.o ./src/platform.o   -Wl,--start-group,-lxil,-lgcc,-lc,--end-group
'Finished building target: project.elf'
' '
'Invoking: MicroBlaze Print Size'
mb-size project.elf  |tee "project.elf.size"
   text	   data	    bss	    dec	    hex	filename
   2022	    268	   2084	   4374	   1116	project.elf
'Finished building: project.elf.size'
' '
'Invoking: Xilinx ELF Check'
elfcheck project.elf -hw ../../EDK_hw_platform/system.xml -pe microblaze_0  |tee "project.elf.elfcheck"
elfcheck
Xilinx EDK 14.7 Build EDK_P.20131013
Copyright (c) 1995-2012 Xilinx, Inc.  All rights reserved.

Command Line: elfcheck -hw ../../EDK_hw_platform/system.xml -pe microblaze_0
project.elf 

ELF file	: project.elf
elfcheck passed.
'Finished building: project.elf.elfcheck'
' '
15:22:44 **** Auto Build of configuration Debug for project project ****
make all 
'Building file: ../src/helloworld.c'
'Invoking: MicroBlaze gcc compiler'
mb-gcc -Wall -O0 -g3 -c -fmessage-length=0 -I../../project_bsp/microblaze_0/include -mxl-barrel-shift -mxl-pattern-compare -mcpu=v8.50.c -mno-xl-soft-mul -Wl,--no-relax -ffunction-sections -fdata-sections -MMD -MP -MF"src/helloworld.d" -MT"src/helloworld.d" -o "src/helloworld.o" "../src/helloworld.c"
'Finished building: ../src/helloworld.c'
' '
'Building target: project.elf'
'Invoking: MicroBlaze gcc linker'
mb-gcc -Wl,-T -Wl,../src/lscript.ld -L../../project_bsp/microblaze_0/lib -mxl-barrel-shift -mxl-pattern-compare -mcpu=v8.50.c -mno-xl-soft-mul -Wl,--no-relax -Wl,--gc-sections -o "project.elf"  ./src/helloworld.o ./src/platform.o   -Wl,--start-group,-lxil,-lgcc,-lc,--end-group
'Finished building target: project.elf'
' '
'Invoking: MicroBlaze Print Size'
mb-size project.elf  |tee "project.elf.size"
   text	   data	    bss	    dec	    hex	filename
   1998	    268	   2084	   4350	   10fe	project.elf
'Finished building: project.elf.size'
' '
'Invoking: Xilinx ELF Check'
elfcheck project.elf -hw ../../EDK_hw_platform/system.xml -pe microblaze_0  |tee "project.elf.elfcheck"
elfcheck
Xilinx EDK 14.7 Build EDK_P.20131013
Copyright (c) 1995-2012 Xilinx, Inc.  All rights reserved.

Command Line: elfcheck -hw ../../EDK_hw_platform/system.xml -pe microblaze_0
project.elf 

ELF file	: project.elf
elfcheck passed.
'Finished building: project.elf.elfcheck'
' '
15:22:52 **** Auto Build of project project_bsp ****
make -k all 
'Finished building libraries'
08:57:00 **** Clean-only build of configuration Debug for project project ****
make clean 
rm -rf  ./src/helloworld.o ./src/platform.o  ./src/helloworld.d ./src/platform.d  project.elf.size  project.elf.elfcheck  project.elf
' '
08:57:00 **** Auto Build of configuration Debug for project project ****
make all 
'Building file: ../src/helloworld.c'
'Invoking: MicroBlaze gcc compiler'
mb-gcc -Wall -O0 -g3 -c -fmessage-length=0 -I../../project_bsp/microblaze_0/include -mxl-barrel-shift -mxl-pattern-compare -mcpu=v8.50.c -mno-xl-soft-mul -Wl,--no-relax -ffunction-sections -fdata-sections -MMD -MP -MF"src/helloworld.d" -MT"src/helloworld.d" -o "src/helloworld.o" "../src/helloworld.c"
'Finished building: ../src/helloworld.c'
' '
'Building file: ../src/platform.c'
'Invoking: MicroBlaze gcc compiler'
mb-gcc -Wall -O0 -g3 -c -fmessage-length=0 -I../../project_bsp/microblaze_0/include -mxl-barrel-shift -mxl-pattern-compare -mcpu=v8.50.c -mno-xl-soft-mul -Wl,--no-relax -ffunction-sections -fdata-sections -MMD -MP -MF"src/platform.d" -MT"src/platform.d" -o "src/platform.o" "../src/platform.c"
'Finished building: ../src/platform.c'
' '
'Building target: project.elf'
'Invoking: MicroBlaze gcc linker'
mb-gcc -Wl,-T -Wl,../src/lscript.ld -L../../project_bsp/microblaze_0/lib -mxl-barrel-shift -mxl-pattern-compare -mcpu=v8.50.c -mno-xl-soft-mul -Wl,--no-relax -Wl,--gc-sections -o "project.elf"  ./src/helloworld.o ./src/platform.o   -Wl,--start-group,-lxil,-lgcc,-lc,--end-group
'Finished building target: project.elf'
' '
'Invoking: MicroBlaze Print Size'
mb-size project.elf  |tee "project.elf.size"
   text	   data	    bss	    dec	    hex	filename
   1982	    268	   2084	   4334	   10ee	project.elf
'Finished building: project.elf.size'
' '
'Invoking: Xilinx ELF Check'
elfcheck project.elf -hw ../../EDK_hw_platform/system.xml -pe microblaze_0  |tee "project.elf.elfcheck"
elfcheck
Xilinx EDK 14.7 Build EDK_P.20131013
Copyright (c) 1995-2012 Xilinx, Inc.  All rights reserved.

Command Line: elfcheck -hw ../../EDK_hw_platform/system.xml -pe microblaze_0
project.elf 

ELF file	: project.elf
elfcheck passed.
'Finished building: project.elf.elfcheck'
' '
08:58:03 **** Auto Build of project project_bsp ****
make -k all 
'Finished building libraries'
08:58:29 **** Auto Build of configuration Debug for project project ****
make all 
'Building file: ../src/helloworld.c'
'Invoking: MicroBlaze gcc compiler'
mb-gcc -Wall -O0 -g3 -c -fmessage-length=0 -I../../project_bsp/microblaze_0/include -mxl-barrel-shift -mxl-pattern-compare -mcpu=v8.50.c -mno-xl-soft-mul -Wl,--no-relax -ffunction-sections -fdata-sections -MMD -MP -MF"src/helloworld.d" -MT"src/helloworld.d" -o "src/helloworld.o" "../src/helloworld.c"
../src/helloworld.c: In function 'main':
../src/helloworld.c:13:9: warning: variable 'location' set but not used [-Wunused-but-set-variable]
'Finished building: ../src/helloworld.c'
' '
'Building target: project.elf'
'Invoking: MicroBlaze gcc linker'
mb-gcc -Wl,-T -Wl,../src/lscript.ld -L../../project_bsp/microblaze_0/lib -mxl-barrel-shift -mxl-pattern-compare -mcpu=v8.50.c -mno-xl-soft-mul -Wl,--no-relax -Wl,--gc-sections -o "project.elf"  ./src/helloworld.o ./src/platform.o   -Wl,--start-group,-lxil,-lgcc,-lc,--end-group
'Finished building target: project.elf'
' '
'Invoking: MicroBlaze Print Size'
mb-size project.elf  |tee "project.elf.size"
   text	   data	    bss	    dec	    hex	filename
   1982	    268	   2084	   4334	   10ee	project.elf
'Finished building: project.elf.size'
' '
'Invoking: Xilinx ELF Check'
elfcheck project.elf -hw ../../EDK_hw_platform/system.xml -pe microblaze_0  |tee "project.elf.elfcheck"
elfcheck
Xilinx EDK 14.7 Build EDK_P.20131013
Copyright (c) 1995-2012 Xilinx, Inc.  All rights reserved.

Command Line: elfcheck -hw ../../EDK_hw_platform/system.xml -pe microblaze_0
project.elf 

ELF file	: project.elf
elfcheck passed.
'Finished building: project.elf.elfcheck'
' '
08:58:40 **** Auto Build of project project_bsp ****
make -k all 
'Finished building libraries'
08:59:40 **** Auto Build of configuration Debug for project project ****
make all 
'Building file: ../src/helloworld.c'
'Invoking: MicroBlaze gcc compiler'
mb-gcc -Wall -O0 -g3 -c -fmessage-length=0 -I../../project_bsp/microblaze_0/include -mxl-barrel-shift -mxl-pattern-compare -mcpu=v8.50.c -mno-xl-soft-mul -Wl,--no-relax -ffunction-sections -fdata-sections -MMD -MP -MF"src/helloworld.d" -MT"src/helloworld.d" -o "src/helloworld.o" "../src/helloworld.c"
'Finished building: ../src/helloworld.c'
' '
'Building target: project.elf'
'Invoking: MicroBlaze gcc linker'
mb-gcc -Wl,-T -Wl,../src/lscript.ld -L../../project_bsp/microblaze_0/lib -mxl-barrel-shift -mxl-pattern-compare -mcpu=v8.50.c -mno-xl-soft-mul -Wl,--no-relax -Wl,--gc-sections -o "project.elf"  ./src/helloworld.o ./src/platform.o   -Wl,--start-group,-lxil,-lgcc,-lc,--end-group
'Finished building target: project.elf'
' '
'Invoking: MicroBlaze Print Size'
mb-size project.elf  |tee "project.elf.size"
   text	   data	    bss	    dec	    hex	filename
   1982	    268	   2084	   4334	   10ee	project.elf
'Finished building: project.elf.size'
' '
'Invoking: Xilinx ELF Check'
elfcheck project.elf -hw ../../EDK_hw_platform/system.xml -pe microblaze_0  |tee "project.elf.elfcheck"
elfcheck
Xilinx EDK 14.7 Build EDK_P.20131013
Copyright (c) 1995-2012 Xilinx, Inc.  All rights reserved.

Command Line: elfcheck -hw ../../EDK_hw_platform/system.xml -pe microblaze_0
project.elf 

ELF file	: project.elf
elfcheck passed.
'Finished building: project.elf.elfcheck'
' '
09:00:04 **** Auto Build of project project_bsp ****
make -k all 
'Finished building libraries'
09:04:48 **** Auto Build of configuration Debug for project project ****
make all 
'Building file: ../src/helloworld.c'
'Invoking: MicroBlaze gcc compiler'
mb-gcc -Wall -O0 -g3 -c -fmessage-length=0 -I../../project_bsp/microblaze_0/include -mxl-barrel-shift -mxl-pattern-compare -mcpu=v8.50.c -mno-xl-soft-mul -Wl,--no-relax -ffunction-sections -fdata-sections -MMD -MP -MF"src/helloworld.d" -MT"src/helloworld.d" -o "src/helloworld.o" "../src/helloworld.c"
'Finished building: ../src/helloworld.c'
' '
'Building target: project.elf'
'Invoking: MicroBlaze gcc linker'
mb-gcc -Wl,-T -Wl,../src/lscript.ld -L../../project_bsp/microblaze_0/lib -mxl-barrel-shift -mxl-pattern-compare -mcpu=v8.50.c -mno-xl-soft-mul -Wl,--no-relax -Wl,--gc-sections -o "project.elf"  ./src/helloworld.o ./src/platform.o   -Wl,--start-group,-lxil,-lgcc,-lc,--end-group
'Finished building target: project.elf'
' '
'Invoking: MicroBlaze Print Size'
mb-size project.elf  |tee "project.elf.size"
   text	   data	    bss	    dec	    hex	filename
   1998	    268	   2084	   4350	   10fe	project.elf
'Finished building: project.elf.size'
' '
'Invoking: Xilinx ELF Check'
elfcheck project.elf -hw ../../EDK_hw_platform/system.xml -pe microblaze_0  |tee "project.elf.elfcheck"
elfcheck
Xilinx EDK 14.7 Build EDK_P.20131013
Copyright (c) 1995-2012 Xilinx, Inc.  All rights reserved.

Command Line: elfcheck -hw ../../EDK_hw_platform/system.xml -pe microblaze_0
project.elf 

ELF file	: project.elf
elfcheck passed.
'Finished building: project.elf.elfcheck'
' '
09:04:59 **** Auto Build of project project_bsp ****
make -k all 
'Finished building libraries'
09:05:55 **** Auto Build of project project_bsp ****
make -k all 
'Finished building libraries'
09:13:47 **** Auto Build of project project_bsp ****
make -k all 
'Finished building libraries'
09:13:52 **** Auto Build of project project_bsp ****
make -k all 
'Finished building libraries'
09:14:02 **** Auto Build of project project_bsp ****
make -k all 
'Finished building libraries'
09:25:58 **** Auto Build of configuration Debug for project project ****
make all 
'Building file: ../src/helloworld.c'
'Invoking: MicroBlaze gcc compiler'
mb-gcc -Wall -O0 -g3 -c -fmessage-length=0 -I../../project_bsp/microblaze_0/include -mxl-barrel-shift -mxl-pattern-compare -mcpu=v8.50.c -mno-xl-soft-mul -Wl,--no-relax -ffunction-sections -fdata-sections -MMD -MP -MF"src/helloworld.d" -MT"src/helloworld.d" -o "src/helloworld.o" "../src/helloworld.c"
../src/helloworld.c: In function 'main':
../src/helloworld.c:17:4: error: unknown type name 'XGpio'
../src/helloworld.c:19:4: warning: implicit declaration of function 'XGpio_Initialize' [-Wimplicit-function-declaration]
../src/helloworld.c:20:4: warning: implicit declaration of function 'XGpio_SetDataDirection' [-Wimplicit-function-declaration]
../src/helloworld.c:18:8: warning: unused variable 'switchesValue' [-Wunused-variable]
make: *** [src/helloworld.o] Greška 1
09:26:39 **** Auto Build of configuration Debug for project project ****
make all 
'Building file: ../src/helloworld.c'
'Invoking: MicroBlaze gcc compiler'
mb-gcc -Wall -O0 -g3 -c -fmessage-length=0 -I../../project_bsp/microblaze_0/include -mxl-barrel-shift -mxl-pattern-compare -mcpu=v8.50.c -mno-xl-soft-mul -Wl,--no-relax -ffunction-sections -fdata-sections -MMD -MP -MF"src/helloworld.d" -MT"src/helloworld.d" -o "src/helloworld.o" "../src/helloworld.c"
../src/helloworld.c: In function 'main':
../src/helloworld.c:19:8: warning: unused variable 'switchesValue' [-Wunused-variable]
'Finished building: ../src/helloworld.c'
' '
'Building target: project.elf'
'Invoking: MicroBlaze gcc linker'
mb-gcc -Wl,-T -Wl,../src/lscript.ld -L../../project_bsp/microblaze_0/lib -mxl-barrel-shift -mxl-pattern-compare -mcpu=v8.50.c -mno-xl-soft-mul -Wl,--no-relax -Wl,--gc-sections -o "project.elf"  ./src/helloworld.o ./src/platform.o   -Wl,--start-group,-lxil,-lgcc,-lc,--end-group
'Finished building target: project.elf'
' '
'Invoking: MicroBlaze Print Size'
mb-size project.elf  |tee "project.elf.size"
   text	   data	    bss	    dec	    hex	filename
   2634	    304	   2094	   5032	   13a8	project.elf
'Finished building: project.elf.size'
' '
'Invoking: Xilinx ELF Check'
elfcheck project.elf -hw ../../EDK_hw_platform/system.xml -pe microblaze_0  |tee "project.elf.elfcheck"
elfcheck
Xilinx EDK 14.7 Build EDK_P.20131013
Copyright (c) 1995-2012 Xilinx, Inc.  All rights reserved.

Command Line: elfcheck -hw ../../EDK_hw_platform/system.xml -pe microblaze_0
project.elf 

ELF file	: project.elf
elfcheck passed.
'Finished building: project.elf.elfcheck'
' '
09:28:38 **** Auto Build of project project_bsp ****
make -k all 
'Finished building libraries'
09:28:52 **** Auto Build of project project_bsp ****
make -k all 
'Finished building libraries'
09:29:52 **** Auto Build of configuration Debug for project project ****
make all 
'Building file: ../src/helloworld.c'
'Invoking: MicroBlaze gcc compiler'
mb-gcc -Wall -O0 -g3 -c -fmessage-length=0 -I../../project_bsp/microblaze_0/include -mxl-barrel-shift -mxl-pattern-compare -mcpu=v8.50.c -mno-xl-soft-mul -Wl,--no-relax -ffunction-sections -fdata-sections -MMD -MP -MF"src/helloworld.d" -MT"src/helloworld.d" -o "src/helloworld.o" "../src/helloworld.c"
../src/helloworld.c: In function 'main':
../src/helloworld.c:19:8: warning: unused variable 'switchesValue' [-Wunused-variable]
'Finished building: ../src/helloworld.c'
' '
'Building target: project.elf'
'Invoking: MicroBlaze gcc linker'
mb-gcc -Wl,-T -Wl,../src/lscript.ld -L../../project_bsp/microblaze_0/lib -mxl-barrel-shift -mxl-pattern-compare -mcpu=v8.50.c -mno-xl-soft-mul -Wl,--no-relax -Wl,--gc-sections -o "project.elf"  ./src/helloworld.o ./src/platform.o   -Wl,--start-group,-lxil,-lgcc,-lc,--end-group
'Finished building target: project.elf'
' '
'Invoking: MicroBlaze Print Size'
mb-size project.elf  |tee "project.elf.size"
   text	   data	    bss	    dec	    hex	filename
   2634	    304	   2094	   5032	   13a8	project.elf
'Finished building: project.elf.size'
' '
'Invoking: Xilinx ELF Check'
elfcheck project.elf -hw ../../EDK_hw_platform/system.xml -pe microblaze_0  |tee "project.elf.elfcheck"
elfcheck
Xilinx EDK 14.7 Build EDK_P.20131013
Copyright (c) 1995-2012 Xilinx, Inc.  All rights reserved.

Command Line: elfcheck -hw ../../EDK_hw_platform/system.xml -pe microblaze_0
project.elf 

ELF file	: project.elf
elfcheck passed.
'Finished building: project.elf.elfcheck'
' '
09:30:03 **** Auto Build of project project_bsp ****
make -k all 
'Finished building libraries'
09:31:51 **** Auto Build of project project_bsp ****
make -k all 
'Finished building libraries'
09:31:59 **** Auto Build of project project_bsp ****
make -k all 
'Finished building libraries'
09:32:24 **** Auto Build of configuration Debug for project project ****
make all 
'Building file: ../src/helloworld.c'
'Invoking: MicroBlaze gcc compiler'
mb-gcc -Wall -O0 -g3 -c -fmessage-length=0 -I../../project_bsp/microblaze_0/include -mxl-barrel-shift -mxl-pattern-compare -mcpu=v8.50.c -mno-xl-soft-mul -Wl,--no-relax -ffunction-sections -fdata-sections -MMD -MP -MF"src/helloworld.d" -MT"src/helloworld.d" -o "src/helloworld.o" "../src/helloworld.c"
../src/helloworld.c: In function 'main':
../src/helloworld.c:19:8: warning: unused variable 'switchesValue' [-Wunused-variable]
'Finished building: ../src/helloworld.c'
' '
'Building target: project.elf'
'Invoking: MicroBlaze gcc linker'
mb-gcc -Wl,-T -Wl,../src/lscript.ld -L../../project_bsp/microblaze_0/lib -mxl-barrel-shift -mxl-pattern-compare -mcpu=v8.50.c -mno-xl-soft-mul -Wl,--no-relax -Wl,--gc-sections -o "project.elf"  ./src/helloworld.o ./src/platform.o   -Wl,--start-group,-lxil,-lgcc,-lc,--end-group
'Finished building target: project.elf'
' '
'Invoking: MicroBlaze Print Size'
mb-size project.elf  |tee "project.elf.size"
   text	   data	    bss	    dec	    hex	filename
   2634	    304	   2094	   5032	   13a8	project.elf
'Finished building: project.elf.size'
' '
'Invoking: Xilinx ELF Check'
elfcheck project.elf -hw ../../EDK_hw_platform/system.xml -pe microblaze_0  |tee "project.elf.elfcheck"
elfcheck
Xilinx EDK 14.7 Build EDK_P.20131013
Copyright (c) 1995-2012 Xilinx, Inc.  All rights reserved.

Command Line: elfcheck -hw ../../EDK_hw_platform/system.xml -pe microblaze_0
project.elf 

ELF file	: project.elf
elfcheck passed.
'Finished building: project.elf.elfcheck'
' '
09:32:34 **** Auto Build of project project_bsp ****
make -k all 
'Finished building libraries'
09:32:43 **** Auto Build of configuration Debug for project project ****
make all 
'Building file: ../src/helloworld.c'
'Invoking: MicroBlaze gcc compiler'
mb-gcc -Wall -O0 -g3 -c -fmessage-length=0 -I../../project_bsp/microblaze_0/include -mxl-barrel-shift -mxl-pattern-compare -mcpu=v8.50.c -mno-xl-soft-mul -Wl,--no-relax -ffunction-sections -fdata-sections -MMD -MP -MF"src/helloworld.d" -MT"src/helloworld.d" -o "src/helloworld.o" "../src/helloworld.c"
../src/helloworld.c: In function 'main':
../src/helloworld.c:19:8: warning: unused variable 'switchesValue' [-Wunused-variable]
'Finished building: ../src/helloworld.c'
' '
'Building target: project.elf'
'Invoking: MicroBlaze gcc linker'
mb-gcc -Wl,-T -Wl,../src/lscript.ld -L../../project_bsp/microblaze_0/lib -mxl-barrel-shift -mxl-pattern-compare -mcpu=v8.50.c -mno-xl-soft-mul -Wl,--no-relax -Wl,--gc-sections -o "project.elf"  ./src/helloworld.o ./src/platform.o   -Wl,--start-group,-lxil,-lgcc,-lc,--end-group
'Finished building target: project.elf'
' '
'Invoking: MicroBlaze Print Size'
mb-size project.elf  |tee "project.elf.size"
   text	   data	    bss	    dec	    hex	filename
   2634	    304	   2094	   5032	   13a8	project.elf
'Finished building: project.elf.size'
' '
'Invoking: Xilinx ELF Check'
elfcheck project.elf -hw ../../EDK_hw_platform/system.xml -pe microblaze_0  |tee "project.elf.elfcheck"
elfcheck
Xilinx EDK 14.7 Build EDK_P.20131013
Copyright (c) 1995-2012 Xilinx, Inc.  All rights reserved.

Command Line: elfcheck -hw ../../EDK_hw_platform/system.xml -pe microblaze_0
project.elf 

ELF file	: project.elf
elfcheck passed.
'Finished building: project.elf.elfcheck'
' '
09:32:53 **** Auto Build of project project_bsp ****
make -k all 
'Finished building libraries'
09:33:12 **** Auto Build of configuration Debug for project project ****
make all 
'Building file: ../src/helloworld.c'
'Invoking: MicroBlaze gcc compiler'
mb-gcc -Wall -O0 -g3 -c -fmessage-length=0 -I../../project_bsp/microblaze_0/include -mxl-barrel-shift -mxl-pattern-compare -mcpu=v8.50.c -mno-xl-soft-mul -Wl,--no-relax -ffunction-sections -fdata-sections -MMD -MP -MF"src/helloworld.d" -MT"src/helloworld.d" -o "src/helloworld.o" "../src/helloworld.c"
../src/helloworld.c: In function 'main':
../src/helloworld.c:19:8: warning: unused variable 'switchesValue' [-Wunused-variable]
'Finished building: ../src/helloworld.c'
' '
'Building target: project.elf'
'Invoking: MicroBlaze gcc linker'
mb-gcc -Wl,-T -Wl,../src/lscript.ld -L../../project_bsp/microblaze_0/lib -mxl-barrel-shift -mxl-pattern-compare -mcpu=v8.50.c -mno-xl-soft-mul -Wl,--no-relax -Wl,--gc-sections -o "project.elf"  ./src/helloworld.o ./src/platform.o   -Wl,--start-group,-lxil,-lgcc,-lc,--end-group
'Finished building target: project.elf'
' '
'Invoking: MicroBlaze Print Size'
mb-size project.elf  |tee "project.elf.size"
   text	   data	    bss	    dec	    hex	filename
   2634	    304	   2094	   5032	   13a8	project.elf
'Finished building: project.elf.size'
' '
'Invoking: Xilinx ELF Check'
elfcheck project.elf -hw ../../EDK_hw_platform/system.xml -pe microblaze_0  |tee "project.elf.elfcheck"
elfcheck
Xilinx EDK 14.7 Build EDK_P.20131013
Copyright (c) 1995-2012 Xilinx, Inc.  All rights reserved.

Command Line: elfcheck -hw ../../EDK_hw_platform/system.xml -pe microblaze_0
project.elf 

ELF file	: project.elf
elfcheck passed.
'Finished building: project.elf.elfcheck'
' '
09:33:22 **** Auto Build of project project_bsp ****
make -k all 
'Finished building libraries'
09:33:32 **** Auto Build of configuration Debug for project project ****
make all 
'Building file: ../src/helloworld.c'
'Invoking: MicroBlaze gcc compiler'
mb-gcc -Wall -O0 -g3 -c -fmessage-length=0 -I../../project_bsp/microblaze_0/include -mxl-barrel-shift -mxl-pattern-compare -mcpu=v8.50.c -mno-xl-soft-mul -Wl,--no-relax -ffunction-sections -fdata-sections -MMD -MP -MF"src/helloworld.d" -MT"src/helloworld.d" -o "src/helloworld.o" "../src/helloworld.c"
../src/helloworld.c: In function 'main':
../src/helloworld.c:19:8: warning: unused variable 'switchesValue' [-Wunused-variable]
'Finished building: ../src/helloworld.c'
' '
'Building target: project.elf'
'Invoking: MicroBlaze gcc linker'
mb-gcc -Wl,-T -Wl,../src/lscript.ld -L../../project_bsp/microblaze_0/lib -mxl-barrel-shift -mxl-pattern-compare -mcpu=v8.50.c -mno-xl-soft-mul -Wl,--no-relax -Wl,--gc-sections -o "project.elf"  ./src/helloworld.o ./src/platform.o   -Wl,--start-group,-lxil,-lgcc,-lc,--end-group
'Finished building target: project.elf'
' '
'Invoking: MicroBlaze Print Size'
mb-size project.elf  |tee "project.elf.size"
   text	   data	    bss	    dec	    hex	filename
   2634	    304	   2094	   5032	   13a8	project.elf
'Finished building: project.elf.size'
' '
'Invoking: Xilinx ELF Check'
elfcheck project.elf -hw ../../EDK_hw_platform/system.xml -pe microblaze_0  |tee "project.elf.elfcheck"
elfcheck
Xilinx EDK 14.7 Build EDK_P.20131013
Copyright (c) 1995-2012 Xilinx, Inc.  All rights reserved.

Command Line: elfcheck -hw ../../EDK_hw_platform/system.xml -pe microblaze_0
project.elf 

ELF file	: project.elf
elfcheck passed.
'Finished building: project.elf.elfcheck'
' '
09:33:42 **** Auto Build of project project_bsp ****
make -k all 
'Finished building libraries'
09:34:28 **** Auto Build of configuration Debug for project project ****
make all 
'Building file: ../src/helloworld.c'
'Invoking: MicroBlaze gcc compiler'
mb-gcc -Wall -O0 -g3 -c -fmessage-length=0 -I../../project_bsp/microblaze_0/include -mxl-barrel-shift -mxl-pattern-compare -mcpu=v8.50.c -mno-xl-soft-mul -Wl,--no-relax -ffunction-sections -fdata-sections -MMD -MP -MF"src/helloworld.d" -MT"src/helloworld.d" -o "src/helloworld.o" "../src/helloworld.c"
../src/helloworld.c: In function 'main':
../src/helloworld.c:19:8: warning: unused variable 'switchesValue' [-Wunused-variable]
'Finished building: ../src/helloworld.c'
' '
'Building target: project.elf'
'Invoking: MicroBlaze gcc linker'
mb-gcc -Wl,-T -Wl,../src/lscript.ld -L../../project_bsp/microblaze_0/lib -mxl-barrel-shift -mxl-pattern-compare -mcpu=v8.50.c -mno-xl-soft-mul -Wl,--no-relax -Wl,--gc-sections -o "project.elf"  ./src/helloworld.o ./src/platform.o   -Wl,--start-group,-lxil,-lgcc,-lc,--end-group
'Finished building target: project.elf'
' '
'Invoking: MicroBlaze Print Size'
mb-size project.elf  |tee "project.elf.size"
   text	   data	    bss	    dec	    hex	filename
   2634	    304	   2094	   5032	   13a8	project.elf
'Finished building: project.elf.size'
' '
'Invoking: Xilinx ELF Check'
elfcheck project.elf -hw ../../EDK_hw_platform/system.xml -pe microblaze_0  |tee "project.elf.elfcheck"
elfcheck
Xilinx EDK 14.7 Build EDK_P.20131013
Copyright (c) 1995-2012 Xilinx, Inc.  All rights reserved.

Command Line: elfcheck -hw ../../EDK_hw_platform/system.xml -pe microblaze_0
project.elf 

ELF file	: project.elf
elfcheck passed.
'Finished building: project.elf.elfcheck'
' '
09:34:38 **** Auto Build of project project_bsp ****
make -k all 
'Finished building libraries'
09:35:21 **** Auto Build of configuration Debug for project project ****
make all 
'Building file: ../src/helloworld.c'
'Invoking: MicroBlaze gcc compiler'
mb-gcc -Wall -O0 -g3 -c -fmessage-length=0 -I../../project_bsp/microblaze_0/include -mxl-barrel-shift -mxl-pattern-compare -mcpu=v8.50.c -mno-xl-soft-mul -Wl,--no-relax -ffunction-sections -fdata-sections -MMD -MP -MF"src/helloworld.d" -MT"src/helloworld.d" -o "src/helloworld.o" "../src/helloworld.c"
../src/helloworld.c: In function 'main':
../src/helloworld.c:19:8: warning: unused variable 'switchesValue' [-Wunused-variable]
'Finished building: ../src/helloworld.c'
' '
'Building target: project.elf'
'Invoking: MicroBlaze gcc linker'
mb-gcc -Wl,-T -Wl,../src/lscript.ld -L../../project_bsp/microblaze_0/lib -mxl-barrel-shift -mxl-pattern-compare -mcpu=v8.50.c -mno-xl-soft-mul -Wl,--no-relax -Wl,--gc-sections -o "project.elf"  ./src/helloworld.o ./src/platform.o   -Wl,--start-group,-lxil,-lgcc,-lc,--end-group
'Finished building target: project.elf'
' '
'Invoking: MicroBlaze Print Size'
mb-size project.elf  |tee "project.elf.size"
   text	   data	    bss	    dec	    hex	filename
   2634	    304	   2094	   5032	   13a8	project.elf
'Finished building: project.elf.size'
' '
'Invoking: Xilinx ELF Check'
elfcheck project.elf -hw ../../EDK_hw_platform/system.xml -pe microblaze_0  |tee "project.elf.elfcheck"
elfcheck
Xilinx EDK 14.7 Build EDK_P.20131013
Copyright (c) 1995-2012 Xilinx, Inc.  All rights reserved.

Command Line: elfcheck -hw ../../EDK_hw_platform/system.xml -pe microblaze_0
project.elf 

ELF file	: project.elf
elfcheck passed.
'Finished building: project.elf.elfcheck'
' '
09:35:31 **** Auto Build of project project_bsp ****
make -k all 
'Finished building libraries'
09:35:41 **** Auto Build of configuration Debug for project project ****
make all 
'Building file: ../src/helloworld.c'
'Invoking: MicroBlaze gcc compiler'
mb-gcc -Wall -O0 -g3 -c -fmessage-length=0 -I../../project_bsp/microblaze_0/include -mxl-barrel-shift -mxl-pattern-compare -mcpu=v8.50.c -mno-xl-soft-mul -Wl,--no-relax -ffunction-sections -fdata-sections -MMD -MP -MF"src/helloworld.d" -MT"src/helloworld.d" -o "src/helloworld.o" "../src/helloworld.c"
../src/helloworld.c: In function 'main':
../src/helloworld.c:19:8: warning: unused variable 'switchesValue' [-Wunused-variable]
'Finished building: ../src/helloworld.c'
' '
'Building target: project.elf'
'Invoking: MicroBlaze gcc linker'
mb-gcc -Wl,-T -Wl,../src/lscript.ld -L../../project_bsp/microblaze_0/lib -mxl-barrel-shift -mxl-pattern-compare -mcpu=v8.50.c -mno-xl-soft-mul -Wl,--no-relax -Wl,--gc-sections -o "project.elf"  ./src/helloworld.o ./src/platform.o   -Wl,--start-group,-lxil,-lgcc,-lc,--end-group
'Finished building target: project.elf'
' '
'Invoking: MicroBlaze Print Size'
mb-size project.elf  |tee "project.elf.size"
   text	   data	    bss	    dec	    hex	filename
   2634	    304	   2094	   5032	   13a8	project.elf
'Finished building: project.elf.size'
' '
'Invoking: Xilinx ELF Check'
elfcheck project.elf -hw ../../EDK_hw_platform/system.xml -pe microblaze_0  |tee "project.elf.elfcheck"
elfcheck
Xilinx EDK 14.7 Build EDK_P.20131013
Copyright (c) 1995-2012 Xilinx, Inc.  All rights reserved.

Command Line: elfcheck -hw ../../EDK_hw_platform/system.xml -pe microblaze_0
project.elf 

ELF file	: project.elf
elfcheck passed.
'Finished building: project.elf.elfcheck'
' '
09:35:53 **** Auto Build of project project_bsp ****
make -k all 
'Finished building libraries'
09:36:01 **** Auto Build of configuration Debug for project project ****
make all 
'Building file: ../src/helloworld.c'
'Invoking: MicroBlaze gcc compiler'
mb-gcc -Wall -O0 -g3 -c -fmessage-length=0 -I../../project_bsp/microblaze_0/include -mxl-barrel-shift -mxl-pattern-compare -mcpu=v8.50.c -mno-xl-soft-mul -Wl,--no-relax -ffunction-sections -fdata-sections -MMD -MP -MF"src/helloworld.d" -MT"src/helloworld.d" -o "src/helloworld.o" "../src/helloworld.c"
../src/helloworld.c: In function 'main':
../src/helloworld.c:19:8: warning: unused variable 'switchesValue' [-Wunused-variable]
'Finished building: ../src/helloworld.c'
' '
'Building target: project.elf'
'Invoking: MicroBlaze gcc linker'
mb-gcc -Wl,-T -Wl,../src/lscript.ld -L../../project_bsp/microblaze_0/lib -mxl-barrel-shift -mxl-pattern-compare -mcpu=v8.50.c -mno-xl-soft-mul -Wl,--no-relax -Wl,--gc-sections -o "project.elf"  ./src/helloworld.o ./src/platform.o   -Wl,--start-group,-lxil,-lgcc,-lc,--end-group
'Finished building target: project.elf'
' '
'Invoking: MicroBlaze Print Size'
mb-size project.elf  |tee "project.elf.size"
   text	   data	    bss	    dec	    hex	filename
   2634	    304	   2094	   5032	   13a8	project.elf
'Finished building: project.elf.size'
' '
'Invoking: Xilinx ELF Check'
elfcheck project.elf -hw ../../EDK_hw_platform/system.xml -pe microblaze_0  |tee "project.elf.elfcheck"
elfcheck
Xilinx EDK 14.7 Build EDK_P.20131013
Copyright (c) 1995-2012 Xilinx, Inc.  All rights reserved.

Command Line: elfcheck -hw ../../EDK_hw_platform/system.xml -pe microblaze_0
project.elf 

ELF file	: project.elf
elfcheck passed.
'Finished building: project.elf.elfcheck'
' '
09:36:11 **** Auto Build of project project_bsp ****
make -k all 
'Finished building libraries'
09:36:29 **** Auto Build of configuration Debug for project project ****
make all 
'Building file: ../src/helloworld.c'
'Invoking: MicroBlaze gcc compiler'
mb-gcc -Wall -O0 -g3 -c -fmessage-length=0 -I../../project_bsp/microblaze_0/include -mxl-barrel-shift -mxl-pattern-compare -mcpu=v8.50.c -mno-xl-soft-mul -Wl,--no-relax -ffunction-sections -fdata-sections -MMD -MP -MF"src/helloworld.d" -MT"src/helloworld.d" -o "src/helloworld.o" "../src/helloworld.c"
../src/helloworld.c: In function 'main':
../src/helloworld.c:19:8: warning: unused variable 'switchesValue' [-Wunused-variable]
'Finished building: ../src/helloworld.c'
' '
'Building target: project.elf'
'Invoking: MicroBlaze gcc linker'
mb-gcc -Wl,-T -Wl,../src/lscript.ld -L../../project_bsp/microblaze_0/lib -mxl-barrel-shift -mxl-pattern-compare -mcpu=v8.50.c -mno-xl-soft-mul -Wl,--no-relax -Wl,--gc-sections -o "project.elf"  ./src/helloworld.o ./src/platform.o   -Wl,--start-group,-lxil,-lgcc,-lc,--end-group
'Finished building target: project.elf'
' '
'Invoking: MicroBlaze Print Size'
mb-size project.elf  |tee "project.elf.size"
   text	   data	    bss	    dec	    hex	filename
   2634	    304	   2094	   5032	   13a8	project.elf
'Finished building: project.elf.size'
' '
'Invoking: Xilinx ELF Check'
elfcheck project.elf -hw ../../EDK_hw_platform/system.xml -pe microblaze_0  |tee "project.elf.elfcheck"
elfcheck
Xilinx EDK 14.7 Build EDK_P.20131013
Copyright (c) 1995-2012 Xilinx, Inc.  All rights reserved.

Command Line: elfcheck -hw ../../EDK_hw_platform/system.xml -pe microblaze_0
project.elf 

ELF file	: project.elf
elfcheck passed.
'Finished building: project.elf.elfcheck'
' '
09:36:39 **** Auto Build of project project_bsp ****
make -k all 
'Finished building libraries'
09:36:44 **** Auto Build of configuration Debug for project project ****
make all 
'Building file: ../src/helloworld.c'
'Invoking: MicroBlaze gcc compiler'
mb-gcc -Wall -O0 -g3 -c -fmessage-length=0 -I../../project_bsp/microblaze_0/include -mxl-barrel-shift -mxl-pattern-compare -mcpu=v8.50.c -mno-xl-soft-mul -Wl,--no-relax -ffunction-sections -fdata-sections -MMD -MP -MF"src/helloworld.d" -MT"src/helloworld.d" -o "src/helloworld.o" "../src/helloworld.c"
../src/helloworld.c: In function 'main':
../src/helloworld.c:19:8: warning: unused variable 'switchesValue' [-Wunused-variable]
'Finished building: ../src/helloworld.c'
' '
'Building target: project.elf'
'Invoking: MicroBlaze gcc linker'
mb-gcc -Wl,-T -Wl,../src/lscript.ld -L../../project_bsp/microblaze_0/lib -mxl-barrel-shift -mxl-pattern-compare -mcpu=v8.50.c -mno-xl-soft-mul -Wl,--no-relax -Wl,--gc-sections -o "project.elf"  ./src/helloworld.o ./src/platform.o   -Wl,--start-group,-lxil,-lgcc,-lc,--end-group
'Finished building target: project.elf'
' '
'Invoking: MicroBlaze Print Size'
mb-size project.elf  |tee "project.elf.size"
   text	   data	    bss	    dec	    hex	filename
   2634	    304	   2094	   5032	   13a8	project.elf
'Finished building: project.elf.size'
' '
'Invoking: Xilinx ELF Check'
elfcheck project.elf -hw ../../EDK_hw_platform/system.xml -pe microblaze_0  |tee "project.elf.elfcheck"
elfcheck
Xilinx EDK 14.7 Build EDK_P.20131013
Copyright (c) 1995-2012 Xilinx, Inc.  All rights reserved.

Command Line: elfcheck -hw ../../EDK_hw_platform/system.xml -pe microblaze_0
project.elf 

ELF file	: project.elf
elfcheck passed.
'Finished building: project.elf.elfcheck'
' '
09:36:54 **** Auto Build of project project_bsp ****
make -k all 
'Finished building libraries'
09:43:43 **** Auto Build of project project_bsp ****
make -k all 
'Finished building libraries'
09:43:45 **** Auto Build of project project_bsp ****
make -k all 
'Finished building libraries'
09:43:56 **** Auto Build of project project_bsp ****
make -k all 
'Finished building libraries'
09:44:06 **** Auto Build of configuration Debug for project project ****
make all 
'Building file: ../src/helloworld.c'
'Invoking: MicroBlaze gcc compiler'
mb-gcc -Wall -O0 -g3 -c -fmessage-length=0 -I../../project_bsp/microblaze_0/include -mxl-barrel-shift -mxl-pattern-compare -mcpu=v8.50.c -mno-xl-soft-mul -Wl,--no-relax -ffunction-sections -fdata-sections -MMD -MP -MF"src/helloworld.d" -MT"src/helloworld.d" -o "src/helloworld.o" "../src/helloworld.c"
../src/helloworld.c: In function 'main':
../src/helloworld.c:19:8: warning: unused variable 'switchesValue' [-Wunused-variable]
'Finished building: ../src/helloworld.c'
' '
'Building target: project.elf'
'Invoking: MicroBlaze gcc linker'
mb-gcc -Wl,-T -Wl,../src/lscript.ld -L../../project_bsp/microblaze_0/lib -mxl-barrel-shift -mxl-pattern-compare -mcpu=v8.50.c -mno-xl-soft-mul -Wl,--no-relax -Wl,--gc-sections -o "project.elf"  ./src/helloworld.o ./src/platform.o   -Wl,--start-group,-lxil,-lgcc,-lc,--end-group
'Finished building target: project.elf'
' '
'Invoking: MicroBlaze Print Size'
mb-size project.elf  |tee "project.elf.size"
   text	   data	    bss	    dec	    hex	filename
   2634	    304	   2094	   5032	   13a8	project.elf
'Finished building: project.elf.size'
' '
'Invoking: Xilinx ELF Check'
elfcheck project.elf -hw ../../EDK_hw_platform/system.xml -pe microblaze_0  |tee "project.elf.elfcheck"
elfcheck
Xilinx EDK 14.7 Build EDK_P.20131013
Copyright (c) 1995-2012 Xilinx, Inc.  All rights reserved.

Command Line: elfcheck -hw ../../EDK_hw_platform/system.xml -pe microblaze_0
project.elf 

ELF file	: project.elf
elfcheck passed.
'Finished building: project.elf.elfcheck'
' '
09:44:16 **** Auto Build of project project_bsp ****
make -k all 
'Finished building libraries'
09:50:55 **** Auto Build of project project_bsp ****
make -k all 
'Finished building libraries'
09:52:16 **** Auto Build of configuration Debug for project project ****
make all 
'Building file: ../src/helloworld.c'
'Invoking: MicroBlaze gcc compiler'
mb-gcc -Wall -O0 -g3 -c -fmessage-length=0 -I../../project_bsp/microblaze_0/include -mxl-barrel-shift -mxl-pattern-compare -mcpu=v8.50.c -mno-xl-soft-mul -Wl,--no-relax -ffunction-sections -fdata-sections -MMD -MP -MF"src/helloworld.d" -MT"src/helloworld.d" -o "src/helloworld.o" "../src/helloworld.c"
../src/helloworld.c: In function 'main':
../src/helloworld.c:19:8: warning: unused variable 'switchesValue' [-Wunused-variable]
'Finished building: ../src/helloworld.c'
' '
'Building target: project.elf'
'Invoking: MicroBlaze gcc linker'
mb-gcc -Wl,-T -Wl,../src/lscript.ld -L../../project_bsp/microblaze_0/lib -mxl-barrel-shift -mxl-pattern-compare -mcpu=v8.50.c -mno-xl-soft-mul -Wl,--no-relax -Wl,--gc-sections -o "project.elf"  ./src/helloworld.o ./src/platform.o   -Wl,--start-group,-lxil,-lgcc,-lc,--end-group
'Finished building target: project.elf'
' '
'Invoking: MicroBlaze Print Size'
mb-size project.elf  |tee "project.elf.size"
   text	   data	    bss	    dec	    hex	filename
   2634	    304	   2094	   5032	   13a8	project.elf
'Finished building: project.elf.size'
' '
'Invoking: Xilinx ELF Check'
elfcheck project.elf -hw ../../EDK_hw_platform/system.xml -pe microblaze_0  |tee "project.elf.elfcheck"
elfcheck
Xilinx EDK 14.7 Build EDK_P.20131013
Copyright (c) 1995-2012 Xilinx, Inc.  All rights reserved.

Command Line: elfcheck -hw ../../EDK_hw_platform/system.xml -pe microblaze_0
project.elf 

ELF file	: project.elf
elfcheck passed.
'Finished building: project.elf.elfcheck'
' '
09:52:28 **** Auto Build of project project_bsp ****
make -k all 
'Finished building libraries'
09:59:44 **** Auto Build of project project_bsp ****
make -k all 
'Finished building libraries'
09:59:57 **** Auto Build of configuration Debug for project project ****
make all 
'Building file: ../src/helloworld.c'
'Invoking: MicroBlaze gcc compiler'
mb-gcc -Wall -O0 -g3 -c -fmessage-length=0 -I../../project_bsp/microblaze_0/include -mxl-barrel-shift -mxl-pattern-compare -mcpu=v8.50.c -mno-xl-soft-mul -Wl,--no-relax -ffunction-sections -fdata-sections -MMD -MP -MF"src/helloworld.d" -MT"src/helloworld.d" -o "src/helloworld.o" "../src/helloworld.c"
../src/helloworld.c: In function 'main':
../src/helloworld.c:19:8: warning: unused variable 'switchesValue' [-Wunused-variable]
'Finished building: ../src/helloworld.c'
' '
'Building target: project.elf'
'Invoking: MicroBlaze gcc linker'
mb-gcc -Wl,-T -Wl,../src/lscript.ld -L../../project_bsp/microblaze_0/lib -mxl-barrel-shift -mxl-pattern-compare -mcpu=v8.50.c -mno-xl-soft-mul -Wl,--no-relax -Wl,--gc-sections -o "project.elf"  ./src/helloworld.o ./src/platform.o   -Wl,--start-group,-lxil,-lgcc,-lc,--end-group
'Finished building target: project.elf'
' '
'Invoking: MicroBlaze Print Size'
mb-size project.elf  |tee "project.elf.size"
   text	   data	    bss	    dec	    hex	filename
   2634	    304	   2094	   5032	   13a8	project.elf
'Finished building: project.elf.size'
' '
'Invoking: Xilinx ELF Check'
elfcheck project.elf -hw ../../EDK_hw_platform/system.xml -pe microblaze_0  |tee "project.elf.elfcheck"
elfcheck
Xilinx EDK 14.7 Build EDK_P.20131013
Copyright (c) 1995-2012 Xilinx, Inc.  All rights reserved.

Command Line: elfcheck -hw ../../EDK_hw_platform/system.xml -pe microblaze_0
project.elf 

ELF file	: project.elf
elfcheck passed.
'Finished building: project.elf.elfcheck'
' '
10:00:07 **** Auto Build of project project_bsp ****
make -k all 
'Finished building libraries'
10:00:37 **** Auto Build of project project_bsp ****
make -k all 
'Finished building libraries'
10:00:41 **** Auto Build of project project_bsp ****
make -k all 
'Finished building libraries'
10:01:50 **** Auto Build of configuration Debug for project project ****
make all 
'Building file: ../src/helloworld.c'
'Invoking: MicroBlaze gcc compiler'
mb-gcc -Wall -O0 -g3 -c -fmessage-length=0 -I../../project_bsp/microblaze_0/include -mxl-barrel-shift -mxl-pattern-compare -mcpu=v8.50.c -mno-xl-soft-mul -Wl,--no-relax -ffunction-sections -fdata-sections -MMD -MP -MF"src/helloworld.d" -MT"src/helloworld.d" -o "src/helloworld.o" "../src/helloworld.c"
../src/helloworld.c: In function 'main':
../src/helloworld.c:19:8: warning: unused variable 'switchesValue' [-Wunused-variable]
'Finished building: ../src/helloworld.c'
' '
'Building target: project.elf'
'Invoking: MicroBlaze gcc linker'
mb-gcc -Wl,-T -Wl,../src/lscript.ld -L../../project_bsp/microblaze_0/lib -mxl-barrel-shift -mxl-pattern-compare -mcpu=v8.50.c -mno-xl-soft-mul -Wl,--no-relax -Wl,--gc-sections -o "project.elf"  ./src/helloworld.o ./src/platform.o   -Wl,--start-group,-lxil,-lgcc,-lc,--end-group
'Finished building target: project.elf'
' '
'Invoking: MicroBlaze Print Size'
mb-size project.elf  |tee "project.elf.size"
   text	   data	    bss	    dec	    hex	filename
   2634	    304	   2094	   5032	   13a8	project.elf
'Finished building: project.elf.size'
' '
'Invoking: Xilinx ELF Check'
elfcheck project.elf -hw ../../EDK_hw_platform/system.xml -pe microblaze_0  |tee "project.elf.elfcheck"
elfcheck
Xilinx EDK 14.7 Build EDK_P.20131013
Copyright (c) 1995-2012 Xilinx, Inc.  All rights reserved.

Command Line: elfcheck -hw ../../EDK_hw_platform/system.xml -pe microblaze_0
project.elf 

ELF file	: project.elf
elfcheck passed.
'Finished building: project.elf.elfcheck'
' '
10:02:00 **** Auto Build of project project_bsp ****
make -k all 
'Finished building libraries'
10:02:08 **** Auto Build of configuration Debug for project project ****
make all 
'Building file: ../src/helloworld.c'
'Invoking: MicroBlaze gcc compiler'
mb-gcc -Wall -O0 -g3 -c -fmessage-length=0 -I../../project_bsp/microblaze_0/include -mxl-barrel-shift -mxl-pattern-compare -mcpu=v8.50.c -mno-xl-soft-mul -Wl,--no-relax -ffunction-sections -fdata-sections -MMD -MP -MF"src/helloworld.d" -MT"src/helloworld.d" -o "src/helloworld.o" "../src/helloworld.c"
../src/helloworld.c: In function 'main':
../src/helloworld.c:19:8: warning: unused variable 'switchesValue' [-Wunused-variable]
'Finished building: ../src/helloworld.c'
' '
'Building target: project.elf'
'Invoking: MicroBlaze gcc linker'
mb-gcc -Wl,-T -Wl,../src/lscript.ld -L../../project_bsp/microblaze_0/lib -mxl-barrel-shift -mxl-pattern-compare -mcpu=v8.50.c -mno-xl-soft-mul -Wl,--no-relax -Wl,--gc-sections -o "project.elf"  ./src/helloworld.o ./src/platform.o   -Wl,--start-group,-lxil,-lgcc,-lc,--end-group
'Finished building target: project.elf'
' '
'Invoking: MicroBlaze Print Size'
mb-size project.elf  |tee "project.elf.size"
   text	   data	    bss	    dec	    hex	filename
   2634	    304	   2094	   5032	   13a8	project.elf
'Finished building: project.elf.size'
' '
'Invoking: Xilinx ELF Check'
elfcheck project.elf -hw ../../EDK_hw_platform/system.xml -pe microblaze_0  |tee "project.elf.elfcheck"
elfcheck
Xilinx EDK 14.7 Build EDK_P.20131013
Copyright (c) 1995-2012 Xilinx, Inc.  All rights reserved.

Command Line: elfcheck -hw ../../EDK_hw_platform/system.xml -pe microblaze_0
project.elf 

ELF file	: project.elf
elfcheck passed.
'Finished building: project.elf.elfcheck'
' '
10:02:16 **** Auto Build of project project_bsp ****
make -k all 
'Finished building libraries'
10:02:27 **** Auto Build of configuration Debug for project project ****
make all 
'Building file: ../src/helloworld.c'
'Invoking: MicroBlaze gcc compiler'
mb-gcc -Wall -O0 -g3 -c -fmessage-length=0 -I../../project_bsp/microblaze_0/include -mxl-barrel-shift -mxl-pattern-compare -mcpu=v8.50.c -mno-xl-soft-mul -Wl,--no-relax -ffunction-sections -fdata-sections -MMD -MP -MF"src/helloworld.d" -MT"src/helloworld.d" -o "src/helloworld.o" "../src/helloworld.c"
../src/helloworld.c: In function 'main':
../src/helloworld.c:19:8: warning: unused variable 'switchesValue' [-Wunused-variable]
'Finished building: ../src/helloworld.c'
' '
'Building target: project.elf'
'Invoking: MicroBlaze gcc linker'
mb-gcc -Wl,-T -Wl,../src/lscript.ld -L../../project_bsp/microblaze_0/lib -mxl-barrel-shift -mxl-pattern-compare -mcpu=v8.50.c -mno-xl-soft-mul -Wl,--no-relax -Wl,--gc-sections -o "project.elf"  ./src/helloworld.o ./src/platform.o   -Wl,--start-group,-lxil,-lgcc,-lc,--end-group
'Finished building target: project.elf'
' '
'Invoking: MicroBlaze Print Size'
mb-size project.elf  |tee "project.elf.size"
   text	   data	    bss	    dec	    hex	filename
   2634	    304	   2094	   5032	   13a8	project.elf
'Finished building: project.elf.size'
' '
'Invoking: Xilinx ELF Check'
elfcheck project.elf -hw ../../EDK_hw_platform/system.xml -pe microblaze_0  |tee "project.elf.elfcheck"
elfcheck
Xilinx EDK 14.7 Build EDK_P.20131013
Copyright (c) 1995-2012 Xilinx, Inc.  All rights reserved.

Command Line: elfcheck -hw ../../EDK_hw_platform/system.xml -pe microblaze_0
project.elf 

ELF file	: project.elf
elfcheck passed.
'Finished building: project.elf.elfcheck'
' '
10:02:37 **** Auto Build of project project_bsp ****
make -k all 
'Finished building libraries'
10:08:44 **** Auto Build of project project_bsp ****
make -k all 
'Finished building libraries'
10:08:52 **** Auto Build of project project_bsp ****
make -k all 
'Finished building libraries'
10:09:44 **** Auto Build of configuration Debug for project project ****
make all 
'Building file: ../src/helloworld.c'
'Invoking: MicroBlaze gcc compiler'
mb-gcc -Wall -O0 -g3 -c -fmessage-length=0 -I../../project_bsp/microblaze_0/include -mxl-barrel-shift -mxl-pattern-compare -mcpu=v8.50.c -mno-xl-soft-mul -Wl,--no-relax -ffunction-sections -fdata-sections -MMD -MP -MF"src/helloworld.d" -MT"src/helloworld.d" -o "src/helloworld.o" "../src/helloworld.c"
../src/helloworld.c: In function 'main':
../src/helloworld.c:19:8: warning: unused variable 'switchesValue' [-Wunused-variable]
../src/helloworld.c:14:9: warning: variable 'location' set but not used [-Wunused-but-set-variable]
'Finished building: ../src/helloworld.c'
' '
'Building target: project.elf'
'Invoking: MicroBlaze gcc linker'
mb-gcc -Wl,-T -Wl,../src/lscript.ld -L../../project_bsp/microblaze_0/lib -mxl-barrel-shift -mxl-pattern-compare -mcpu=v8.50.c -mno-xl-soft-mul -Wl,--no-relax -Wl,--gc-sections -o "project.elf"  ./src/helloworld.o ./src/platform.o   -Wl,--start-group,-lxil,-lgcc,-lc,--end-group
'Finished building target: project.elf'
' '
'Invoking: MicroBlaze Print Size'
mb-size project.elf  |tee "project.elf.size"
   text	   data	    bss	    dec	    hex	filename
   2634	    304	   2094	   5032	   13a8	project.elf
'Finished building: project.elf.size'
' '
'Invoking: Xilinx ELF Check'
elfcheck project.elf -hw ../../EDK_hw_platform/system.xml -pe microblaze_0  |tee "project.elf.elfcheck"
elfcheck
Xilinx EDK 14.7 Build EDK_P.20131013
Copyright (c) 1995-2012 Xilinx, Inc.  All rights reserved.

Command Line: elfcheck -hw ../../EDK_hw_platform/system.xml -pe microblaze_0
project.elf 

ELF file	: project.elf
elfcheck passed.
'Finished building: project.elf.elfcheck'
' '
10:09:53 **** Auto Build of project project_bsp ****
make -k all 
'Finished building libraries'
10:10:02 **** Auto Build of configuration Debug for project project ****
make all 
'Building file: ../src/helloworld.c'
'Invoking: MicroBlaze gcc compiler'
mb-gcc -Wall -O0 -g3 -c -fmessage-length=0 -I../../project_bsp/microblaze_0/include -mxl-barrel-shift -mxl-pattern-compare -mcpu=v8.50.c -mno-xl-soft-mul -Wl,--no-relax -ffunction-sections -fdata-sections -MMD -MP -MF"src/helloworld.d" -MT"src/helloworld.d" -o "src/helloworld.o" "../src/helloworld.c"
../src/helloworld.c: In function 'main':
../src/helloworld.c:19:8: warning: unused variable 'switchesValue' [-Wunused-variable]
../src/helloworld.c:14:9: warning: variable 'location' set but not used [-Wunused-but-set-variable]
'Finished building: ../src/helloworld.c'
' '
'Building target: project.elf'
'Invoking: MicroBlaze gcc linker'
mb-gcc -Wl,-T -Wl,../src/lscript.ld -L../../project_bsp/microblaze_0/lib -mxl-barrel-shift -mxl-pattern-compare -mcpu=v8.50.c -mno-xl-soft-mul -Wl,--no-relax -Wl,--gc-sections -o "project.elf"  ./src/helloworld.o ./src/platform.o   -Wl,--start-group,-lxil,-lgcc,-lc,--end-group
'Finished building target: project.elf'
' '
'Invoking: MicroBlaze Print Size'
mb-size project.elf  |tee "project.elf.size"
   text	   data	    bss	    dec	    hex	filename
   2634	    304	   2094	   5032	   13a8	project.elf
'Finished building: project.elf.size'
' '
'Invoking: Xilinx ELF Check'
elfcheck project.elf -hw ../../EDK_hw_platform/system.xml -pe microblaze_0  |tee "project.elf.elfcheck"
elfcheck
Xilinx EDK 14.7 Build EDK_P.20131013
Copyright (c) 1995-2012 Xilinx, Inc.  All rights reserved.

Command Line: elfcheck -hw ../../EDK_hw_platform/system.xml -pe microblaze_0
project.elf 

ELF file	: project.elf
elfcheck passed.
'Finished building: project.elf.elfcheck'
' '
10:10:10 **** Auto Build of project project_bsp ****
make -k all 
'Finished building libraries'
10:10:27 **** Auto Build of configuration Debug for project project ****
make all 
'Building file: ../src/helloworld.c'
'Invoking: MicroBlaze gcc compiler'
mb-gcc -Wall -O0 -g3 -c -fmessage-length=0 -I../../project_bsp/microblaze_0/include -mxl-barrel-shift -mxl-pattern-compare -mcpu=v8.50.c -mno-xl-soft-mul -Wl,--no-relax -ffunction-sections -fdata-sections -MMD -MP -MF"src/helloworld.d" -MT"src/helloworld.d" -o "src/helloworld.o" "../src/helloworld.c"
../src/helloworld.c: In function 'main':
../src/helloworld.c:19:8: warning: unused variable 'switchesValue' [-Wunused-variable]
../src/helloworld.c:14:9: warning: variable 'location' set but not used [-Wunused-but-set-variable]
'Finished building: ../src/helloworld.c'
' '
'Building target: project.elf'
'Invoking: MicroBlaze gcc linker'
mb-gcc -Wl,-T -Wl,../src/lscript.ld -L../../project_bsp/microblaze_0/lib -mxl-barrel-shift -mxl-pattern-compare -mcpu=v8.50.c -mno-xl-soft-mul -Wl,--no-relax -Wl,--gc-sections -o "project.elf"  ./src/helloworld.o ./src/platform.o   -Wl,--start-group,-lxil,-lgcc,-lc,--end-group
'Finished building target: project.elf'
' '
'Invoking: MicroBlaze Print Size'
mb-size project.elf  |tee "project.elf.size"
[...]
project.elf 

ELF file	: project.elf
elfcheck passed.
'Finished building: project.elf.elfcheck'
' '
13:51:45 **** Auto Build of project project_bsp ****
make -k all 
'Finished building libraries'
13:53:54 **** Auto Build of configuration Debug for project project ****
make all 
'Building file: ../src/helloworld.c'
'Invoking: MicroBlaze gcc compiler'
mb-gcc -Wall -O0 -g3 -c -fmessage-length=0 -I../../project_bsp/microblaze_0/include -mxl-barrel-shift -mxl-pattern-compare -mcpu=v8.50.c -mno-xl-soft-mul -Wl,--no-relax -ffunction-sections -fdata-sections -MMD -MP -MF"src/helloworld.d" -MT"src/helloworld.d" -o "src/helloworld.o" "../src/helloworld.c"
../src/helloworld.c: In function 'main':
../src/helloworld.c:159:5: error: expected 'while' before '}' token
../src/helloworld.c: In function 'Ps2ReceiveData':
../src/helloworld.c:195:6: warning: variable 'BytesReceived' set but not used [-Wunused-but-set-variable]
../src/helloworld.c: In function 'main':
../src/helloworld.c:208:3: error: expected declaration or statement at end of input
../src/helloworld.c:42:20: warning: unused variable 'j' [-Wunused-variable]
../src/helloworld.c:42:17: warning: unused variable 'i' [-Wunused-variable]
make: *** [src/helloworld.o] Greška 1
13:54:45 **** Auto Build of configuration Debug for project project ****
make all 
'Building file: ../src/helloworld.c'
'Invoking: MicroBlaze gcc compiler'
mb-gcc -Wall -O0 -g3 -c -fmessage-length=0 -I../../project_bsp/microblaze_0/include -mxl-barrel-shift -mxl-pattern-compare -mcpu=v8.50.c -mno-xl-soft-mul -Wl,--no-relax -ffunction-sections -fdata-sections -MMD -MP -MF"src/helloworld.d" -MT"src/helloworld.d" -o "src/helloworld.o" "../src/helloworld.c"
../src/helloworld.c: In function 'main':
../src/helloworld.c:42:20: warning: unused variable 'j' [-Wunused-variable]
../src/helloworld.c:42:17: warning: unused variable 'i' [-Wunused-variable]
../src/helloworld.c: In function 'Ps2ReceiveData':
../src/helloworld.c:199:6: warning: variable 'BytesReceived' set but not used [-Wunused-but-set-variable]
'Finished building: ../src/helloworld.c'
' '
'Building target: project.elf'
'Invoking: MicroBlaze gcc linker'
mb-gcc -Wl,-T -Wl,../src/lscript.ld -L../../project_bsp/microblaze_0/lib -mxl-barrel-shift -mxl-pattern-compare -mcpu=v8.50.c -mno-xl-soft-mul -Wl,--no-relax -Wl,--gc-sections -o "project.elf"  ./src/helloworld.o ./src/platform.o   -Wl,--start-group,-lxil,-lgcc,-lc,--end-group
'Finished building target: project.elf'
' '
'Invoking: MicroBlaze Print Size'
mb-size project.elf  |tee "project.elf.size"
   text	   data	    bss	    dec	    hex	filename
   7082	    324	   2178	   9584	   2570	project.elf
'Finished building: project.elf.size'
' '
'Invoking: Xilinx ELF Check'
elfcheck project.elf -hw ../../EDK_hw_platform/system.xml -pe microblaze_0  |tee "project.elf.elfcheck"
elfcheck
Xilinx EDK 14.7 Build EDK_P.20131013
Copyright (c) 1995-2012 Xilinx, Inc.  All rights reserved.

Command Line: elfcheck -hw ../../EDK_hw_platform/system.xml -pe microblaze_0
project.elf 

ELF file	: project.elf
elfcheck passed.
'Finished building: project.elf.elfcheck'
' '
13:55:20 **** Auto Build of configuration Debug for project project ****
make all 
'Building file: ../src/helloworld.c'
'Invoking: MicroBlaze gcc compiler'
mb-gcc -Wall -O0 -g3 -c -fmessage-length=0 -I../../project_bsp/microblaze_0/include -mxl-barrel-shift -mxl-pattern-compare -mcpu=v8.50.c -mno-xl-soft-mul -Wl,--no-relax -ffunction-sections -fdata-sections -MMD -MP -MF"src/helloworld.d" -MT"src/helloworld.d" -o "src/helloworld.o" "../src/helloworld.c"
../src/helloworld.c: In function 'Ps2ReceiveData':
../src/helloworld.c:199:6: warning: variable 'BytesReceived' set but not used [-Wunused-but-set-variable]
../src/helloworld.c: In function 'main':
../src/helloworld.c:212:3: error: expected declaration or statement at end of input
../src/helloworld.c:42:20: warning: unused variable 'j' [-Wunused-variable]
../src/helloworld.c:42:17: warning: unused variable 'i' [-Wunused-variable]
make: *** [src/helloworld.o] Greška 1
13:55:35 **** Auto Build of configuration Debug for project project ****
make all 
'Building file: ../src/helloworld.c'
'Invoking: MicroBlaze gcc compiler'
mb-gcc -Wall -O0 -g3 -c -fmessage-length=0 -I../../project_bsp/microblaze_0/include -mxl-barrel-shift -mxl-pattern-compare -mcpu=v8.50.c -mno-xl-soft-mul -Wl,--no-relax -ffunction-sections -fdata-sections -MMD -MP -MF"src/helloworld.d" -MT"src/helloworld.d" -o "src/helloworld.o" "../src/helloworld.c"
../src/helloworld.c: In function 'main':
../src/helloworld.c:42:20: warning: unused variable 'j' [-Wunused-variable]
../src/helloworld.c:42:17: warning: unused variable 'i' [-Wunused-variable]
../src/helloworld.c: In function 'Ps2ReceiveData':
../src/helloworld.c:199:6: warning: variable 'BytesReceived' set but not used [-Wunused-but-set-variable]
'Finished building: ../src/helloworld.c'
' '
'Building target: project.elf'
'Invoking: MicroBlaze gcc linker'
mb-gcc -Wl,-T -Wl,../src/lscript.ld -L../../project_bsp/microblaze_0/lib -mxl-barrel-shift -mxl-pattern-compare -mcpu=v8.50.c -mno-xl-soft-mul -Wl,--no-relax -Wl,--gc-sections -o "project.elf"  ./src/helloworld.o ./src/platform.o   -Wl,--start-group,-lxil,-lgcc,-lc,--end-group
'Finished building target: project.elf'
' '
'Invoking: MicroBlaze Print Size'
mb-size project.elf  |tee "project.elf.size"
   text	   data	    bss	    dec	    hex	filename
   7082	    324	   2178	   9584	   2570	project.elf
'Finished building: project.elf.size'
' '
'Invoking: Xilinx ELF Check'
elfcheck project.elf -hw ../../EDK_hw_platform/system.xml -pe microblaze_0  |tee "project.elf.elfcheck"
elfcheck
Xilinx EDK 14.7 Build EDK_P.20131013
Copyright (c) 1995-2012 Xilinx, Inc.  All rights reserved.

Command Line: elfcheck -hw ../../EDK_hw_platform/system.xml -pe microblaze_0
project.elf 

ELF file	: project.elf
elfcheck passed.
'Finished building: project.elf.elfcheck'
' '
13:55:46 **** Auto Build of project project_bsp ****
make -k all 
'Finished building libraries'
13:56:47 **** Auto Build of configuration Debug for project project ****
make all 
'Building file: ../src/helloworld.c'
'Invoking: MicroBlaze gcc compiler'
mb-gcc -Wall -O0 -g3 -c -fmessage-length=0 -I../../project_bsp/microblaze_0/include -mxl-barrel-shift -mxl-pattern-compare -mcpu=v8.50.c -mno-xl-soft-mul -Wl,--no-relax -ffunction-sections -fdata-sections -MMD -MP -MF"src/helloworld.d" -MT"src/helloworld.d" -o "src/helloworld.o" "../src/helloworld.c"
../src/helloworld.c: In function 'main':
../src/helloworld.c:172:5: error: expected 'while' before 'return'
../src/helloworld.c: In function 'Ps2ReceiveData':
../src/helloworld.c:201:6: warning: variable 'BytesReceived' set but not used [-Wunused-but-set-variable]
../src/helloworld.c: In function 'main':
../src/helloworld.c:214:3: error: expected declaration or statement at end of input
../src/helloworld.c:42:20: warning: unused variable 'j' [-Wunused-variable]
../src/helloworld.c:42:17: warning: unused variable 'i' [-Wunused-variable]
make: *** [src/helloworld.o] Greška 1
13:57:00 **** Auto Build of configuration Debug for project project ****
make all 
'Building file: ../src/helloworld.c'
'Invoking: MicroBlaze gcc compiler'
mb-gcc -Wall -O0 -g3 -c -fmessage-length=0 -I../../project_bsp/microblaze_0/include -mxl-barrel-shift -mxl-pattern-compare -mcpu=v8.50.c -mno-xl-soft-mul -Wl,--no-relax -ffunction-sections -fdata-sections -MMD -MP -MF"src/helloworld.d" -MT"src/helloworld.d" -o "src/helloworld.o" "../src/helloworld.c"
../src/helloworld.c: In function 'main':
../src/helloworld.c:42:20: warning: unused variable 'j' [-Wunused-variable]
../src/helloworld.c:42:17: warning: unused variable 'i' [-Wunused-variable]
../src/helloworld.c: In function 'Ps2ReceiveData':
../src/helloworld.c:201:6: warning: variable 'BytesReceived' set but not used [-Wunused-but-set-variable]
'Finished building: ../src/helloworld.c'
' '
'Building target: project.elf'
'Invoking: MicroBlaze gcc linker'
mb-gcc -Wl,-T -Wl,../src/lscript.ld -L../../project_bsp/microblaze_0/lib -mxl-barrel-shift -mxl-pattern-compare -mcpu=v8.50.c -mno-xl-soft-mul -Wl,--no-relax -Wl,--gc-sections -o "project.elf"  ./src/helloworld.o ./src/platform.o   -Wl,--start-group,-lxil,-lgcc,-lc,--end-group
'Finished building target: project.elf'
' '
'Invoking: MicroBlaze Print Size'
mb-size project.elf  |tee "project.elf.size"
   text	   data	    bss	    dec	    hex	filename
   7114	    324	   2178	   9616	   2590	project.elf
'Finished building: project.elf.size'
' '
'Invoking: Xilinx ELF Check'
elfcheck project.elf -hw ../../EDK_hw_platform/system.xml -pe microblaze_0  |tee "project.elf.elfcheck"
elfcheck
Xilinx EDK 14.7 Build EDK_P.20131013
Copyright (c) 1995-2012 Xilinx, Inc.  All rights reserved.

Command Line: elfcheck -hw ../../EDK_hw_platform/system.xml -pe microblaze_0
project.elf 

ELF file	: project.elf
elfcheck passed.
'Finished building: project.elf.elfcheck'
' '
13:57:16 **** Auto Build of project project_bsp ****
make -k all 
'Finished building libraries'
14:13:17 **** Auto Build of configuration Debug for project project ****
make all 
'Building file: ../src/helloworld.c'
'Invoking: MicroBlaze gcc compiler'
mb-gcc -Wall -O0 -g3 -c -fmessage-length=0 -I../../project_bsp/microblaze_0/include -mxl-barrel-shift -mxl-pattern-compare -mcpu=v8.50.c -mno-xl-soft-mul -Wl,--no-relax -ffunction-sections -fdata-sections -MMD -MP -MF"src/helloworld.d" -MT"src/helloworld.d" -o "src/helloworld.o" "../src/helloworld.c"
../src/helloworld.c: In function 'main':
../src/helloworld.c:42:20: warning: unused variable 'j' [-Wunused-variable]
../src/helloworld.c:42:17: warning: unused variable 'i' [-Wunused-variable]
../src/helloworld.c: In function 'Ps2ReceiveData':
../src/helloworld.c:200:6: warning: variable 'BytesReceived' set but not used [-Wunused-but-set-variable]
'Finished building: ../src/helloworld.c'
' '
'Building target: project.elf'
'Invoking: MicroBlaze gcc linker'
mb-gcc -Wl,-T -Wl,../src/lscript.ld -L../../project_bsp/microblaze_0/lib -mxl-barrel-shift -mxl-pattern-compare -mcpu=v8.50.c -mno-xl-soft-mul -Wl,--no-relax -Wl,--gc-sections -o "project.elf"  ./src/helloworld.o ./src/platform.o   -Wl,--start-group,-lxil,-lgcc,-lc,--end-group
'Finished building target: project.elf'
' '
'Invoking: MicroBlaze Print Size'
mb-size project.elf  |tee "project.elf.size"
   text	   data	    bss	    dec	    hex	filename
   6954	    308	   2178	   9440	   24e0	project.elf
'Finished building: project.elf.size'
' '
'Invoking: Xilinx ELF Check'
elfcheck project.elf -hw ../../EDK_hw_platform/system.xml -pe microblaze_0  |tee "project.elf.elfcheck"
elfcheck
Xilinx EDK 14.7 Build EDK_P.20131013
Copyright (c) 1995-2012 Xilinx, Inc.  All rights reserved.

Command Line: elfcheck -hw ../../EDK_hw_platform/system.xml -pe microblaze_0
project.elf 

ELF file	: project.elf
elfcheck passed.
'Finished building: project.elf.elfcheck'
' '
14:19:01 **** Auto Build of project project_bsp ****
make -k all 
'Finished building libraries'
14:19:11 **** Auto Build of project project_bsp ****
make -k all 
'Finished building libraries'
14:22:05 **** Auto Build of project project_bsp ****
make -k all 
'Finished building libraries'
09:52:04 **** Auto Build of project project_bsp ****
make -k all 
'Finished building libraries'
10:08:30 **** Auto Build of configuration Debug for project project ****
make all 
'Building file: ../src/helloworld.c'
'Invoking: MicroBlaze gcc compiler'
mb-gcc -Wall -O0 -g3 -c -fmessage-length=0 -I../../project_bsp/microblaze_0/include -mxl-barrel-shift -mxl-pattern-compare -mcpu=v8.50.c -mno-xl-soft-mul -Wl,--no-relax -ffunction-sections -fdata-sections -MMD -MP -MF"src/helloworld.d" -MT"src/helloworld.d" -o "src/helloworld.o" "../src/helloworld.c"
../src/helloworld.c: In function 'main':
../src/helloworld.c:126:7: error: 'polje' undeclared (first use in this function)
../src/helloworld.c:126:7: note: each undeclared identifier is reported only once for each function it appears in
../src/helloworld.c:126:13: error: 'br' undeclared (first use in this function)
../src/helloworld.c:128:6: error: expected ';' before '}' token
../src/helloworld.c:181:5: error: expected 'while' before 'return'
../src/helloworld.c: In function 'Ps2ReceiveData':
../src/helloworld.c:210:6: warning: variable 'BytesReceived' set but not used [-Wunused-but-set-variable]
../src/helloworld.c: In function 'main':
../src/helloworld.c:223:3: error: expected declaration or statement at end of input
../src/helloworld.c:43:20: warning: unused variable 'j' [-Wunused-variable]
../src/helloworld.c:43:17: warning: unused variable 'i' [-Wunused-variable]
make: *** [src/helloworld.o] Greška 1
10:18:51 **** Auto Build of configuration Debug for project project ****
make all 
'Building file: ../src/helloworld.c'
'Invoking: MicroBlaze gcc compiler'
mb-gcc -Wall -O0 -g3 -c -fmessage-length=0 -I../../project_bsp/microblaze_0/include -mxl-barrel-shift -mxl-pattern-compare -mcpu=v8.50.c -mno-xl-soft-mul -Wl,--no-relax -ffunction-sections -fdata-sections -MMD -MP -MF"src/helloworld.d" -MT"src/helloworld.d" -o "src/helloworld.o" "../src/helloworld.c"
../src/helloworld.c: In function 'main':
../src/helloworld.c:45:20: warning: unused variable 'j' [-Wunused-variable]
../src/helloworld.c: In function 'Ps2ReceiveData':
../src/helloworld.c:230:6: warning: variable 'BytesReceived' set but not used [-Wunused-but-set-variable]
'Finished building: ../src/helloworld.c'
' '
'Building target: project.elf'
'Invoking: MicroBlaze gcc linker'
mb-gcc -Wl,-T -Wl,../src/lscript.ld -L../../project_bsp/microblaze_0/lib -mxl-barrel-shift -mxl-pattern-compare -mcpu=v8.50.c -mno-xl-soft-mul -Wl,--no-relax -Wl,--gc-sections -o "project.elf"  ./src/helloworld.o ./src/platform.o   -Wl,--start-group,-lxil,-lgcc,-lc,--end-group
'Finished building target: project.elf'
' '
'Invoking: MicroBlaze Print Size'
mb-size project.elf  |tee "project.elf.size"
   text	   data	    bss	    dec	    hex	filename
   7390	    308	   2212	   9910	   26b6	project.elf
'Finished building: project.elf.size'
' '
'Invoking: Xilinx ELF Check'
elfcheck project.elf -hw ../../EDK_hw_platform/system.xml -pe microblaze_0  |tee "project.elf.elfcheck"
elfcheck
Xilinx EDK 14.7 Build EDK_P.20131013
Copyright (c) 1995-2012 Xilinx, Inc.  All rights reserved.

Command Line: elfcheck -hw ../../EDK_hw_platform/system.xml -pe microblaze_0
project.elf 

ELF file	: project.elf
elfcheck passed.
'Finished building: project.elf.elfcheck'
' '
10:22:52 **** Auto Build of project project_bsp ****
make -k all 
'Finished building libraries'
10:24:33 **** Auto Build of project project_bsp ****
make -k all 
'Finished building libraries'
10:29:20 **** Auto Build of project project_bsp ****
make -k all 
'Finished building libraries'
10:30:33 **** Auto Build of project project_bsp ****
make -k all 
'Finished building libraries'
10:32:55 **** Auto Build of project project_bsp ****
make -k all 
'Finished building libraries'
10:35:24 **** Auto Build of configuration Debug for project project ****
make all 
'Building file: ../src/helloworld.c'
'Invoking: MicroBlaze gcc compiler'
mb-gcc -Wall -O0 -g3 -c -fmessage-length=0 -I../../project_bsp/microblaze_0/include -mxl-barrel-shift -mxl-pattern-compare -mcpu=v8.50.c -mno-xl-soft-mul -Wl,--no-relax -ffunction-sections -fdata-sections -MMD -MP -MF"src/helloworld.d" -MT"src/helloworld.d" -o "src/helloworld.o" "../src/helloworld.c"
../src/helloworld.c: In function 'main':
../src/helloworld.c:118:4: error: expected 'while' before 'if'
../src/helloworld.c:44:20: warning: unused variable 'j' [-Wunused-variable]
../src/helloworld.c: At top level:
../src/helloworld.c:201:5: error: expected identifier or '(' before 'return'
../src/helloworld.c:202:1: error: expected identifier or '(' before '}' token
../src/helloworld.c: In function 'Ps2ReceiveData':
../src/helloworld.c:230:6: warning: variable 'BytesReceived' set but not used [-Wunused-but-set-variable]
make: *** [src/helloworld.o] Greška 1
10:35:34 **** Auto Build of project project_bsp ****
make -k all 
'Finished building libraries'
10:43:04 **** Auto Build of configuration Debug for project project ****
make all 
'Building file: ../src/helloworld.c'
'Invoking: MicroBlaze gcc compiler'
mb-gcc -Wall -O0 -g3 -c -fmessage-length=0 -I../../project_bsp/microblaze_0/include -mxl-barrel-shift -mxl-pattern-compare -mcpu=v8.50.c -mno-xl-soft-mul -Wl,--no-relax -ffunction-sections -fdata-sections -MMD -MP -MF"src/helloworld.d" -MT"src/helloworld.d" -o "src/helloworld.o" "../src/helloworld.c"
../src/helloworld.c: In function 'main':
../src/helloworld.c:44:20: warning: unused variable 'j' [-Wunused-variable]
../src/helloworld.c: In function 'Ps2ReceiveData':
../src/helloworld.c:232:6: warning: variable 'BytesReceived' set but not used [-Wunused-but-set-variable]
'Finished building: ../src/helloworld.c'
' '
'Building target: project.elf'
'Invoking: MicroBlaze gcc linker'
mb-gcc -Wl,-T -Wl,../src/lscript.ld -L../../project_bsp/microblaze_0/lib -mxl-barrel-shift -mxl-pattern-compare -mcpu=v8.50.c -mno-xl-soft-mul -Wl,--no-relax -Wl,--gc-sections -o "project.elf"  ./src/helloworld.o ./src/platform.o   -Wl,--start-group,-lxil,-lgcc,-lc,--end-group
'Finished building target: project.elf'
' '
'Invoking: MicroBlaze Print Size'
mb-size project.elf  |tee "project.elf.size"
   text	   data	    bss	    dec	    hex	filename
   7390	    308	   2196	   9894	   26a6	project.elf
'Finished building: project.elf.size'
' '
'Invoking: Xilinx ELF Check'
elfcheck project.elf -hw ../../EDK_hw_platform/system.xml -pe microblaze_0  |tee "project.elf.elfcheck"
elfcheck
Xilinx EDK 14.7 Build EDK_P.20131013
Copyright (c) 1995-2012 Xilinx, Inc.  All rights reserved.

Command Line: elfcheck -hw ../../EDK_hw_platform/system.xml -pe microblaze_0
project.elf 

ELF file	: project.elf
elfcheck passed.
'Finished building: project.elf.elfcheck'
' '
10:43:15 **** Auto Build of project project_bsp ****
make -k all 
'Finished building libraries'
10:54:23 **** Auto Build of configuration Debug for project project ****
make all 
'Building file: ../src/helloworld.c'
'Invoking: MicroBlaze gcc compiler'
mb-gcc -Wall -O0 -g3 -c -fmessage-length=0 -I../../project_bsp/microblaze_0/include -mxl-barrel-shift -mxl-pattern-compare -mcpu=v8.50.c -mno-xl-soft-mul -Wl,--no-relax -ffunction-sections -fdata-sections -MMD -MP -MF"src/helloworld.d" -MT"src/helloworld.d" -o "src/helloworld.o" "../src/helloworld.c"
../src/helloworld.c: In function 'main':
../src/helloworld.c:48:20: warning: unused variable 'j' [-Wunused-variable]
../src/helloworld.c: In function 'Ps2ReceiveData':
../src/helloworld.c:248:6: warning: variable 'BytesReceived' set but not used [-Wunused-but-set-variable]
'Finished building: ../src/helloworld.c'
' '
'Building target: project.elf'
'Invoking: MicroBlaze gcc linker'
mb-gcc -Wl,-T -Wl,../src/lscript.ld -L../../project_bsp/microblaze_0/lib -mxl-barrel-shift -mxl-pattern-compare -mcpu=v8.50.c -mno-xl-soft-mul -Wl,--no-relax -Wl,--gc-sections -o "project.elf"  ./src/helloworld.o ./src/platform.o   -Wl,--start-group,-lxil,-lgcc,-lc,--end-group
'Finished building target: project.elf'
' '
'Invoking: MicroBlaze Print Size'
mb-size project.elf  |tee "project.elf.size"
   text	   data	    bss	    dec	    hex	filename
   7486	    308	   2212	  10006	   2716	project.elf
'Finished building: project.elf.size'
' '
'Invoking: Xilinx ELF Check'
elfcheck project.elf -hw ../../EDK_hw_platform/system.xml -pe microblaze_0  |tee "project.elf.elfcheck"
elfcheck
Xilinx EDK 14.7 Build EDK_P.20131013
Copyright (c) 1995-2012 Xilinx, Inc.  All rights reserved.

Command Line: elfcheck -hw ../../EDK_hw_platform/system.xml -pe microblaze_0
project.elf 

ELF file	: project.elf
elfcheck passed.
'Finished building: project.elf.elfcheck'
' '
10:54:33 **** Auto Build of project project_bsp ****
make -k all 
'Finished building libraries'
10:55:56 **** Auto Build of project project_bsp ****
make -k all 
'Finished building libraries'
